================================================================================
                     CD-FSS EXPERIMENTAL AUDIT RUNNER
================================================================================
experiment_name:    E0
dataset:            isic
seed:               42
nshot:              1
num_episodes:       20
adapter:            conv1x1
fusion:             mean
adaptation_mode:    every-episode
image_size:         400x400
threshold_method:   pred_mean (max(Otsu, mean), drop_least=0.05)
backbone:           ResNet-50 (Pre-ReLU unclipped features)
checkpoint:         ResNet50_Weights.DEFAULT
manifest_path:      Runtime sampling
PyTorch version:    2.14.0+cpu
TorchVision version:0.29.0+cpu
CUDA version:       N/A
GPU:                CPU Only
Log file saved to:  D:\xulyanhv2\ABCDFSS\results\full_benchmark\ISIC\E0\isic_conv1x1_mean_1shot_E0_20261005_235331.log
================================================================================


:=========== CD-FSS Clean Framework Evaluation: ISIC ===========
| Device:         cpu
| Adapter Type:   conv1x1
| Fusion Mode:    mean (temp=1.0)
| Adapt Mode:     every-episode
| Total Episodes: 20
:========================================================================

[Batch: 0001/0020]  mIoU: 43.44%  |  FB-IoU: 54.07%
[Batch: 0020/0020]  mIoU: 41.17%  |  FB-IoU: 55.66%

================ FINAL RESULTS ================
Benchmark:   ISIC
Adapter:     conv1x1
Fusion:      mean
Final mIoU (Cumulative): 41.17%
Mean Episode-IoU:       48.50%
Final FB-IoU:           55.66%
Elapsed Time:           558.30s (27.915s/episode)
================================================

