================================================================================
                     CD-FSS EXPERIMENTAL AUDIT RUNNER
================================================================================
experiment_name:    E2
dataset:            deepglobe
seed:               42
nshot:              1
requested_episodes: 100
resolved_episodes:  100
adapter:            conv1x1
fusion:             softmax_margin
adaptation_mode:    every-episode
image_size:         400x400
threshold_method:   pred_mean (max(Otsu, mean), drop_least=0.05)
backbone:           ResNet-50 (Pre-ReLU unclipped features)
checkpoint:         ResNet50_Weights.DEFAULT
manifest_path:      /root/ABCDFSS/experiments/episodes/deepglobe_seed42_100episodes.json
manifest_sha256:    f29661f0686c702d70511c8de8fa6dd1c4ab54d22e39d60f64edcc76ae5ed149
dataloader_workers: 2
git_commit:         0ad471e32d6701f781be4bd2952593332b8074eb
git_status:         injected_via_env
PyTorch version:    2.1.2+cu121
TorchVision version:0.16.2+cu121
CUDA version:       12.1
GPU:                Tesla T4
Log file saved to:  /root/results/deepglobe/E2_100ep_seed42/deepglobe_conv1x1_softmax_margin_1shot_E2_20261006_065448.log
================================================================================

[*] Deepglobe auto-detected base_path at: /root/datasets_cache/kagglehub/datasets/heyoujue/deepglobe/versions/7
[*] DeepglobeDataset loaded 100 fixed episodes from manifest: /root/ABCDFSS/experiments/episodes/deepglobe_seed42_100episodes.json

:=========== CD-FSS Clean Framework Evaluation: DEEPGLOBE ===========
| Device:         cuda
| Adapter Type:   conv1x1
| Fusion Mode:    softmax_margin (temp=1.0)
| Adapt Mode:     every-episode
| Total Episodes: 100
:========================================================================

[Batch: 0001/0100]  mIoU: 48.73%  |  FB-IoU: 67.04%
[Batch: 0050/0100]  mIoU: 45.07%  |  FB-IoU: 47.21%
[Batch: 0100/0100]  mIoU: 44.44%  |  FB-IoU: 46.81%

================ FINAL RESULTS ================
Benchmark:   DEEPGLOBE
Adapter:     conv1x1
Fusion:      softmax_margin
Final mIoU (Cumulative): 44.44%
Mean Episode-IoU:       43.77%
Final FB-IoU:           46.81%
Elapsed Time:           361.33s (3.613s/episode)
================================================

