================================================================================
                     CD-FSS EXPERIMENTAL AUDIT RUNNER
================================================================================
experiment_name:    E1
dataset:            fss
seed:               42
nshot:              1
num_episodes:       20
adapter:            depthwise_separable_3x3
fusion:             mean
adaptation_mode:    every-episode
image_size:         400x400
threshold_method:   pred_mean (max(Otsu, mean), drop_least=0.05)
backbone:           ResNet-50 (Pre-ReLU unclipped features)
checkpoint:         ResNet50_Weights.DEFAULT
manifest_path:      Runtime sampling
PyTorch version:    2.14.0+cpu
TorchVision version:0.29.0+cpu
CUDA version:       N/A
GPU:                CPU Only
Log file saved to:  D:\xulyanhv2\ABCDFSS\results\full_benchmark\FSS1000\E1\fss_depthwise_separable_3x3_mean_1shot_E1_20261006_024244.log
================================================================================

[*] FSS-1000 auto-detected base_path at: D:\xulyanhv2\ABCDFSS\datasets\fss1000
[*] FSS-1000 loaded successfully: 240 classes, 2400 images.

:=========== CD-FSS Clean Framework Evaluation: FSS ===========
| Device:         cpu
| Adapter Type:   depthwise_separable_3x3
| Fusion Mode:    mean (temp=1.0)
| Adapt Mode:     every-episode
| Total Episodes: 20
:========================================================================

[Batch: 0001/0020]  mIoU: 78.50%  |  FB-IoU: 78.53%
[Batch: 0020/0020]  mIoU: 79.95%  |  FB-IoU: 81.29%

================ FINAL RESULTS ================
Benchmark:   FSS
Adapter:     depthwise_separable_3x3
Fusion:      mean
Final mIoU (Cumulative): 79.95%
Mean Episode-IoU:       80.10%
Final FB-IoU:           81.29%
Elapsed Time:           848.18s (42.409s/episode)
================================================

