================================================================================
                     CD-FSS EXPERIMENTAL AUDIT RUNNER
================================================================================
experiment_name:    E2
dataset:            fss
seed:               42
nshot:              1
requested_episodes: 100
resolved_episodes:  100
adapter:            conv1x1
fusion:             softmax_margin
adaptation_mode:    every-episode
image_size:         400x400
threshold_method:   pred_mean (max(Otsu, mean), drop_least=0.05)
backbone:           ResNet-50 (Pre-ReLU unclipped features)
checkpoint:         ResNet50_Weights.DEFAULT
manifest_path:      /root/ABCDFSS/experiments/episodes/fss_seed42_100episodes.json
manifest_sha256:    bed933c99154864c7238dba81e7a7efe37b897c03a1b75c0716ba819e1a907a9
dataloader_workers: 2
git_commit:         6575747ed2567026cffc5dc5fb2b8df30691e606
git_status:         injected_via_env
PyTorch version:    2.1.2+cu121
TorchVision version:0.16.2+cu121
CUDA version:       12.1
GPU:                Tesla T4
Log file saved to:  /root/results/fss/E2_100ep_seed42/fss_conv1x1_softmax_margin_1shot_E2_20261006_090429.log
================================================================================

[*] FSS1000Dataset loaded 100 fixed episodes from manifest: /root/ABCDFSS/experiments/episodes/fss_seed42_100episodes.json

:=========== CD-FSS Clean Framework Evaluation: FSS ===========
| Device:         cuda
| Adapter Type:   conv1x1
| Fusion Mode:    softmax_margin (temp=1.0)
| Adapt Mode:     every-episode
| Total Episodes: 100
:========================================================================

[Batch: 0001/0100]  mIoU: 81.11%  |  FB-IoU: 87.17%
[Batch: 0050/0100]  mIoU: 69.28%  |  FB-IoU: 79.01%
[Batch: 0100/0100]  mIoU: 69.89%  |  FB-IoU: 79.37%

================ FINAL RESULTS ================
Benchmark:   FSS
Adapter:     conv1x1
Fusion:      softmax_margin
Final mIoU (Cumulative): 69.89%
Mean Episode-IoU:       69.89%
Final FB-IoU:           79.37%
Elapsed Time:           359.46s (3.595s/episode)
================================================

