================================================================================
                     CD-FSS EXPERIMENTAL AUDIT RUNNER
================================================================================
experiment_name:    E3
dataset:            fss
seed:               42
nshot:              1
requested_episodes: 100
resolved_episodes:  100
adapter:            depthwise_separable_3x3
fusion:             softmax_margin
adaptation_mode:    every-episode
image_size:         400x400
threshold_method:   pred_mean (max(Otsu, mean), drop_least=0.05)
backbone:           ResNet-50 (Pre-ReLU unclipped features)
checkpoint:         ResNet50_Weights.DEFAULT
manifest_path:      /root/ABCDFSS/experiments/episodes/fss_seed42_100episodes.json
manifest_sha256:    bed933c99154864c7238dba81e7a7efe37b897c03a1b75c0716ba819e1a907a9
dataloader_workers: 2
git_commit:         6575747ed2567026cffc5dc5fb2b8df30691e606
git_status:         injected_via_env
PyTorch version:    2.1.2+cu121
TorchVision version:0.16.2+cu121
CUDA version:       12.1
GPU:                Tesla T4
Log file saved to:  /root/results/fss/E3_100ep_seed42/fss_depthwise_separable_3x3_softmax_margin_1shot_E3_20261006_091036.log
================================================================================

[*] FSS1000Dataset loaded 100 fixed episodes from manifest: /root/ABCDFSS/experiments/episodes/fss_seed42_100episodes.json

:=========== CD-FSS Clean Framework Evaluation: FSS ===========
| Device:         cuda
| Adapter Type:   depthwise_separable_3x3
| Fusion Mode:    softmax_margin (temp=1.0)
| Adapt Mode:     every-episode
| Total Episodes: 100
:========================================================================

[Batch: 0001/0100]  mIoU: 82.57%  |  FB-IoU: 88.22%
[Batch: 0050/0100]  mIoU: 66.42%  |  FB-IoU: 77.19%
[Batch: 0100/0100]  mIoU: 66.49%  |  FB-IoU: 77.04%

================ FINAL RESULTS ================
Benchmark:   FSS
Adapter:     depthwise_separable_3x3
Fusion:      softmax_margin
Final mIoU (Cumulative): 66.49%
Mean Episode-IoU:       66.49%
Final FB-IoU:           77.04%
Elapsed Time:           452.32s (4.523s/episode)
================================================

