================================================================================
                     CD-FSS EXPERIMENTAL AUDIT RUNNER
================================================================================
experiment_name:    E1
dataset:            deepglobe
seed:               42
nshot:              1
num_episodes:       20
adapter:            depthwise_separable_3x3
fusion:             mean
adaptation_mode:    every-episode
image_size:         400x400
threshold_method:   pred_mean (max(Otsu, mean), drop_least=0.05)
backbone:           ResNet-50 (Pre-ReLU unclipped features)
checkpoint:         ResNet50_Weights.DEFAULT
manifest_path:      Runtime sampling
PyTorch version:    2.14.0+cpu
TorchVision version:0.29.0+cpu
CUDA version:       N/A
GPU:                CPU Only
Log file saved to:  D:\xulyanhv2\ABCDFSS\results\full_benchmark\DeepGlobe\E1\deepglobe_depthwise_separable_3x3_mean_1shot_E1_20261005_231201.log
================================================================================

[*] Deepglobe auto-detected base_path at: D:\xulyanhv2\ABCDFSS\datasets\deepglobe

:=========== CD-FSS Clean Framework Evaluation: DEEPGLOBE ===========
| Device:         cpu
| Adapter Type:   depthwise_separable_3x3
| Fusion Mode:    mean (temp=1.0)
| Adapt Mode:     every-episode
| Total Episodes: 20
:========================================================================

[Batch: 0001/0020]  mIoU: 26.92%  |  FB-IoU: 42.75%
[Batch: 0020/0020]  mIoU: 50.83%  |  FB-IoU: 51.48%

================ FINAL RESULTS ================
Benchmark:   DEEPGLOBE
Adapter:     depthwise_separable_3x3
Fusion:      mean
Final mIoU (Cumulative): 50.83%
Mean Episode-IoU:       52.08%
Final FB-IoU:           51.48%
Elapsed Time:           992.80s (49.640s/episode)
================================================

