================================================================================
                     CD-FSS EXPERIMENTAL AUDIT RUNNER
================================================================================
experiment_name:    E2
dataset:            deepglobe
seed:               42
nshot:              1
requested_episodes: 1000
resolved_episodes:  1000
adapter:            conv1x1
fusion:             softmax_margin
adaptation_mode:    every-episode
image_size:         400x400
threshold_method:   pred_mean (max(Otsu, mean), drop_least=0.05)
backbone:           ResNet-50 (Pre-ReLU unclipped features)
checkpoint:         ResNet50_Weights.DEFAULT
manifest_path:      /root/ABCDFSS/experiments/episodes/deepglobe_seed42_1000episodes.json
manifest_sha256:    fb9667b771d2e29aa21f57edf19f1551b28c4ce791755502bb25bcb0fb63436d
dataloader_workers: 2
git_commit:         61470cf205ed282b58701512852e2c4b05418a2e
git_status:         injected_via_env
PyTorch version:    2.1.2+cu121
TorchVision version:0.16.2+cu121
CUDA version:       12.1
GPU:                Tesla T4
Log file saved to:  /root/results/deepglobe/E2_1000ep_seed42/deepglobe_conv1x1_softmax_margin_1shot_E2_20261006_134748.log
================================================================================

[*] Deepglobe auto-detected base_path at: /root/datasets_cache/kagglehub/datasets/heyoujue/deepglobe/versions/7
[*] DeepglobeDataset loaded 1000 fixed episodes from manifest: /root/ABCDFSS/experiments/episodes/deepglobe_seed42_1000episodes.json

:=========== CD-FSS Clean Framework Evaluation: DEEPGLOBE ===========
| Device:         cuda
| Adapter Type:   conv1x1
| Fusion Mode:    softmax_margin (temp=1.0)
| Adapt Mode:     every-episode
| Total Episodes: 1000
:========================================================================

[Batch: 0001/1000]  mIoU: 48.73%  |  FB-IoU: 67.04%
[Batch: 0050/1000]  mIoU: 45.07%  |  FB-IoU: 47.21%
[Batch: 0100/1000]  mIoU: 44.44%  |  FB-IoU: 46.81%
[Batch: 0150/1000]  mIoU: 43.43%  |  FB-IoU: 46.72%
[Batch: 0200/1000]  mIoU: 43.11%  |  FB-IoU: 46.98%
[Batch: 0250/1000]  mIoU: 43.22%  |  FB-IoU: 47.09%
[Batch: 0300/1000]  mIoU: 41.69%  |  FB-IoU: 46.13%
[Batch: 0350/1000]  mIoU: 41.90%  |  FB-IoU: 46.14%
[Batch: 0400/1000]  mIoU: 42.24%  |  FB-IoU: 46.05%
[Batch: 0450/1000]  mIoU: 42.29%  |  FB-IoU: 46.39%
[Batch: 0500/1000]  mIoU: 41.96%  |  FB-IoU: 46.28%
[Batch: 0550/1000]  mIoU: 42.38%  |  FB-IoU: 46.41%
[Batch: 0600/1000]  mIoU: 42.36%  |  FB-IoU: 46.42%
[Batch: 0650/1000]  mIoU: 41.99%  |  FB-IoU: 46.08%
[Batch: 0700/1000]  mIoU: 42.09%  |  FB-IoU: 46.22%
[Batch: 0750/1000]  mIoU: 41.94%  |  FB-IoU: 46.14%
[Batch: 0800/1000]  mIoU: 42.05%  |  FB-IoU: 46.24%
[Batch: 0850/1000]  mIoU: 42.20%  |  FB-IoU: 46.35%
[Batch: 0900/1000]  mIoU: 42.02%  |  FB-IoU: 46.34%
[Batch: 0950/1000]  mIoU: 41.72%  |  FB-IoU: 46.19%
[Batch: 1000/1000]  mIoU: 41.75%  |  FB-IoU: 46.20%

================ FINAL RESULTS ================
Benchmark:   DEEPGLOBE
Adapter:     conv1x1
Fusion:      softmax_margin
Final mIoU (Cumulative): 41.75%
Mean Episode-IoU:       41.37%
Final FB-IoU:           46.20%
Elapsed Time:           3337.08s (3.337s/episode)
================================================

