================================================================================
                     CD-FSS EXPERIMENTAL AUDIT RUNNER
================================================================================
experiment_name:    E1
dataset:            deepglobe
seed:               42
nshot:              1
requested_episodes: 1000
resolved_episodes:  1000
adapter:            depthwise_separable_3x3
fusion:             mean
adaptation_mode:    every-episode
image_size:         400x400
threshold_method:   pred_mean (max(Otsu, mean), drop_least=0.05)
backbone:           ResNet-50 (Pre-ReLU unclipped features)
checkpoint:         ResNet50_Weights.DEFAULT
manifest_path:      /root/ABCDFSS/experiments/episodes/deepglobe_seed42_1000episodes.json
manifest_sha256:    fb9667b771d2e29aa21f57edf19f1551b28c4ce791755502bb25bcb0fb63436d
dataloader_workers: 2
git_commit:         61470cf205ed282b58701512852e2c4b05418a2e
git_status:         injected_via_env
PyTorch version:    2.1.2+cu121
TorchVision version:0.16.2+cu121
CUDA version:       12.1
GPU:                Tesla T4
Log file saved to:  /root/results/deepglobe/E1_1000ep_seed42/deepglobe_depthwise_separable_3x3_mean_1shot_E1_20261006_123612.log
================================================================================

[*] Deepglobe auto-detected base_path at: /root/datasets_cache/kagglehub/datasets/heyoujue/deepglobe/versions/7
[*] DeepglobeDataset loaded 1000 fixed episodes from manifest: /root/ABCDFSS/experiments/episodes/deepglobe_seed42_1000episodes.json

:=========== CD-FSS Clean Framework Evaluation: DEEPGLOBE ===========
| Device:         cuda
| Adapter Type:   depthwise_separable_3x3
| Fusion Mode:    mean (temp=1.0)
| Adapt Mode:     every-episode
| Total Episodes: 1000
:========================================================================

[Batch: 0001/1000]  mIoU: 26.10%  |  FB-IoU: 41.46%
[Batch: 0050/1000]  mIoU: 44.81%  |  FB-IoU: 47.38%
[Batch: 0100/1000]  mIoU: 44.05%  |  FB-IoU: 46.50%
[Batch: 0150/1000]  mIoU: 42.91%  |  FB-IoU: 46.16%
[Batch: 0200/1000]  mIoU: 42.30%  |  FB-IoU: 46.08%
[Batch: 0250/1000]  mIoU: 42.62%  |  FB-IoU: 46.51%
[Batch: 0300/1000]  mIoU: 41.64%  |  FB-IoU: 46.01%
[Batch: 0350/1000]  mIoU: 42.00%  |  FB-IoU: 46.16%
[Batch: 0400/1000]  mIoU: 42.19%  |  FB-IoU: 45.97%
[Batch: 0450/1000]  mIoU: 42.26%  |  FB-IoU: 46.27%
[Batch: 0500/1000]  mIoU: 41.97%  |  FB-IoU: 46.20%
[Batch: 0550/1000]  mIoU: 42.35%  |  FB-IoU: 46.26%
[Batch: 0600/1000]  mIoU: 42.37%  |  FB-IoU: 46.31%
[Batch: 0650/1000]  mIoU: 41.98%  |  FB-IoU: 45.98%
[Batch: 0700/1000]  mIoU: 42.07%  |  FB-IoU: 46.14%
[Batch: 0750/1000]  mIoU: 41.74%  |  FB-IoU: 45.93%
[Batch: 0800/1000]  mIoU: 41.82%  |  FB-IoU: 46.04%
[Batch: 0850/1000]  mIoU: 41.96%  |  FB-IoU: 46.18%
[Batch: 0900/1000]  mIoU: 41.88%  |  FB-IoU: 46.26%
[Batch: 0950/1000]  mIoU: 41.58%  |  FB-IoU: 46.12%
[Batch: 1000/1000]  mIoU: 41.58%  |  FB-IoU: 46.11%

================ FINAL RESULTS ================
Benchmark:   DEEPGLOBE
Adapter:     depthwise_separable_3x3
Fusion:      mean
Final mIoU (Cumulative): 41.58%
Mean Episode-IoU:       41.13%
Final FB-IoU:           46.11%
Elapsed Time:           4285.92s (4.286s/episode)
================================================

