================================================================================
                     CD-FSS EXPERIMENTAL AUDIT RUNNER
================================================================================
experiment_name:    E0
dataset:            fss
seed:               42
nshot:              1
num_episodes:       20
adapter:            conv1x1
fusion:             mean
adaptation_mode:    every-episode
image_size:         400x400
threshold_method:   pred_mean (max(Otsu, mean), drop_least=0.05)
backbone:           ResNet-50 (Pre-ReLU unclipped features)
checkpoint:         ResNet50_Weights.DEFAULT
manifest_path:      Runtime sampling
PyTorch version:    2.14.0+cpu
TorchVision version:0.29.0+cpu
CUDA version:       N/A
GPU:                CPU Only
Log file saved to:  D:\xulyanhv2\ABCDFSS\results\full_benchmark\FSS1000\E0\fss_conv1x1_mean_1shot_E0_20261006_023411.log
================================================================================

[*] FSS-1000 auto-detected base_path at: D:\xulyanhv2\ABCDFSS\datasets\fss1000
[*] FSS-1000 loaded successfully: 240 classes, 2400 images.

:=========== CD-FSS Clean Framework Evaluation: FSS ===========
| Device:         cpu
| Adapter Type:   conv1x1
| Fusion Mode:    mean (temp=1.0)
| Adapt Mode:     every-episode
| Total Episodes: 20
:========================================================================

[Batch: 0001/0020]  mIoU: 81.68%  |  FB-IoU: 82.35%
[Batch: 0020/0020]  mIoU: 80.08%  |  FB-IoU: 81.83%

================ FINAL RESULTS ================
Benchmark:   FSS
Adapter:     conv1x1
Fusion:      mean
Final mIoU (Cumulative): 80.08%
Mean Episode-IoU:       80.21%
Final FB-IoU:           81.83%
Elapsed Time:           507.00s (25.350s/episode)
================================================

