================================================================================
                     CD-FSS EXPERIMENTAL AUDIT RUNNER
================================================================================
experiment_name:    E3
dataset:            fss
seed:               42
nshot:              1
num_episodes:       20
adapter:            depthwise_separable_3x3
fusion:             softmax_margin
adaptation_mode:    every-episode
image_size:         400x400
threshold_method:   pred_mean (max(Otsu, mean), drop_least=0.05)
backbone:           ResNet-50 (Pre-ReLU unclipped features)
checkpoint:         ResNet50_Weights.DEFAULT
manifest_path:      Runtime sampling
PyTorch version:    2.14.0+cpu
TorchVision version:0.29.0+cpu
CUDA version:       N/A
GPU:                CPU Only
Log file saved to:  D:\xulyanhv2\ABCDFSS\results\full_benchmark\FSS1000\E3\fss_depthwise_separable_3x3_softmax_margin_1shot_E3_20261006_030528.log
================================================================================

[*] FSS-1000 auto-detected base_path at: D:\xulyanhv2\ABCDFSS\datasets\fss1000
[*] FSS-1000 loaded successfully: 240 classes, 2400 images.

:=========== CD-FSS Clean Framework Evaluation: FSS ===========
| Device:         cpu
| Adapter Type:   depthwise_separable_3x3
| Fusion Mode:    softmax_margin (temp=1.0)
| Adapt Mode:     every-episode
| Total Episodes: 20
:========================================================================

[Batch: 0001/0020]  mIoU: 77.51%  |  FB-IoU: 77.47%
[Batch: 0020/0020]  mIoU: 79.60%  |  FB-IoU: 80.81%

================ FINAL RESULTS ================
Benchmark:   FSS
Adapter:     depthwise_separable_3x3
Fusion:      softmax_margin
Final mIoU (Cumulative): 79.60%
Mean Episode-IoU:       79.73%
Final FB-IoU:           80.81%
Elapsed Time:           851.06s (42.553s/episode)
================================================

