================================================================================
                     CD-FSS EXPERIMENTAL AUDIT RUNNER
================================================================================
experiment_name:    E0
dataset:            suim
seed:               42
nshot:              1
num_episodes:       20
adapter:            conv1x1
fusion:             mean
adaptation_mode:    every-episode
image_size:         400x400
threshold_method:   pred_mean (max(Otsu, mean), drop_least=0.05)
backbone:           ResNet-50 (Pre-ReLU unclipped features)
checkpoint:         ResNet50_Weights.DEFAULT
manifest_path:      Runtime sampling
PyTorch version:    2.14.0+cpu
TorchVision version:0.29.0+cpu
CUDA version:       N/A
GPU:                CPU Only
Log file saved to:  D:\xulyanhv2\ABCDFSS\results\full_benchmark\SUIM\E0\suim_conv1x1_mean_1shot_E0_20261006_031945.log
================================================================================

[*] SUIM auto-detected base_path at: C:\Users\TUF DASH\.cache\kagglehub\datasets\heyoujue\suim-merged\versions\2\suim_merged

:=========== CD-FSS Clean Framework Evaluation: SUIM ===========
| Device:         cpu
| Adapter Type:   conv1x1
| Fusion Mode:    mean (temp=1.0)
| Adapt Mode:     every-episode
| Total Episodes: 20
:========================================================================

[Batch: 0001/0020]  mIoU:  4.03%  |  FB-IoU: 41.04%
[Batch: 0020/0020]  mIoU: 38.24%  |  FB-IoU: 54.74%

================ FINAL RESULTS ================
Benchmark:   SUIM
Adapter:     conv1x1
Fusion:      mean
Final mIoU (Cumulative): 38.24%
Mean Episode-IoU:       38.65%
Final FB-IoU:           54.74%
Elapsed Time:           505.59s (25.280s/episode)
================================================

