================================================================================
                     CD-FSS EXPERIMENTAL AUDIT RUNNER
================================================================================
experiment_name:    E2
dataset:            suim
seed:               42
nshot:              1
num_episodes:       20
adapter:            conv1x1
fusion:             softmax_margin
adaptation_mode:    every-episode
image_size:         400x400
threshold_method:   pred_mean (max(Otsu, mean), drop_least=0.05)
backbone:           ResNet-50 (Pre-ReLU unclipped features)
checkpoint:         ResNet50_Weights.DEFAULT
manifest_path:      Runtime sampling
PyTorch version:    2.14.0+cpu
TorchVision version:0.29.0+cpu
CUDA version:       N/A
GPU:                CPU Only
Log file saved to:  D:\xulyanhv2\ABCDFSS\results\full_benchmark\SUIM\E2\suim_conv1x1_softmax_margin_1shot_E2_20261006_034241.log
================================================================================

[*] SUIM auto-detected base_path at: C:\Users\TUF DASH\.cache\kagglehub\datasets\heyoujue\suim-merged\versions\2\suim_merged

:=========== CD-FSS Clean Framework Evaluation: SUIM ===========
| Device:         cpu
| Adapter Type:   conv1x1
| Fusion Mode:    softmax_margin (temp=1.0)
| Adapt Mode:     every-episode
| Total Episodes: 20
:========================================================================

[Batch: 0001/0020]  mIoU:  3.98%  |  FB-IoU: 40.87%
[Batch: 0020/0020]  mIoU: 37.67%  |  FB-IoU: 54.40%

================ FINAL RESULTS ================
Benchmark:   SUIM
Adapter:     conv1x1
Fusion:      softmax_margin
Final mIoU (Cumulative): 37.67%
Mean Episode-IoU:       38.35%
Final FB-IoU:           54.40%
Elapsed Time:           508.66s (25.433s/episode)
================================================

