================================================================================
                     CD-FSS EXPERIMENTAL AUDIT RUNNER
================================================================================
experiment_name:    E0
dataset:            deepglobe
seed:               42
nshot:              1
num_episodes:       20
adapter:            conv1x1
fusion:             mean
adaptation_mode:    every-episode
image_size:         400x400
threshold_method:   pred_mean (max(Otsu, mean), drop_least=0.05)
backbone:           ResNet-50 (Pre-ReLU unclipped features)
checkpoint:         ResNet50_Weights.DEFAULT
manifest_path:      Runtime sampling
PyTorch version:    2.14.0+cpu
TorchVision version:0.29.0+cpu
CUDA version:       N/A
GPU:                CPU Only
Log file saved to:  results/full_benchmark/DeepGlobe/E0\deepglobe_conv1x1_mean_1shot_E0_20261005_230101.log
================================================================================

[*] Deepglobe auto-detected base_path at: datasets/deepglobe

:=========== CD-FSS Clean Framework Evaluation: DEEPGLOBE ===========
| Device:         cpu
| Adapter Type:   conv1x1
| Fusion Mode:    mean (temp=1.0)
| Adapt Mode:     every-episode
| Total Episodes: 20
:========================================================================

[Batch: 0001/0020]  mIoU: 50.82%  |  FB-IoU: 68.63%
[Batch: 0020/0020]  mIoU: 50.83%  |  FB-IoU: 52.20%

================ FINAL RESULTS ================
Benchmark:   DEEPGLOBE
Adapter:     conv1x1
Fusion:      mean
Final mIoU (Cumulative): 50.83%
Mean Episode-IoU:       51.68%
Final FB-IoU:           52.20%
Elapsed Time:           604.47s (30.223s/episode)
================================================

