================================================================================
                     CD-FSS EXPERIMENTAL AUDIT RUNNER
================================================================================
experiment_name:    E3
dataset:            suim
seed:               42
nshot:              1
requested_episodes: 1000
resolved_episodes:  1000
adapter:            depthwise_separable_3x3
fusion:             softmax_margin
adaptation_mode:    every-episode
image_size:         400x400
threshold_method:   pred_mean (max(Otsu, mean), drop_least=0.05)
backbone:           ResNet-50 (Pre-ReLU unclipped features)
checkpoint:         ResNet50_Weights.DEFAULT
manifest_path:      /root/ABCDFSS/experiments/episodes/suim_seed42_1000episodes.json
manifest_sha256:    94d36cc42929235e88ee9065246d890f4dfeb1ad1f698689be0b9632c454a798
dataloader_workers: 2
git_commit:         unknown
git_status:         injected_via_env
PyTorch version:    2.1.2+cu121
TorchVision version:0.16.2+cu121
CUDA version:       12.1
GPU:                Tesla T4
Log file saved to:  /root/results/suim/E3_1000ep_seed42/suim_depthwise_separable_3x3_softmax_margin_1shot_E3_20261007_123257.log
================================================================================

[*] SUIM auto-detected base_path at: /root/datasets_cache/kagglehub/datasets/heyoujue/suim-merged/versions/2/suim_merged
[*] SUIMDataset loaded 1000 fixed episodes from manifest: /root/ABCDFSS/experiments/episodes/suim_seed42_1000episodes.json

:=========== CD-FSS Clean Framework Evaluation: SUIM ===========
| Device:         cuda
| Adapter Type:   depthwise_separable_3x3
| Fusion Mode:    softmax_margin (temp=1.0)
| Adapt Mode:     every-episode
| Total Episodes: 1000
:========================================================================

[Batch: 0001/1000]  mIoU:  3.35%  |  FB-IoU: 38.37%
[Batch: 0050/1000]  mIoU: 35.72%  |  FB-IoU: 53.18%
[Batch: 0100/1000]  mIoU: 35.35%  |  FB-IoU: 53.24%
[Batch: 0150/1000]  mIoU: 35.74%  |  FB-IoU: 54.10%
[Batch: 0200/1000]  mIoU: 34.93%  |  FB-IoU: 53.83%
[Batch: 0250/1000]  mIoU: 34.72%  |  FB-IoU: 54.02%
[Batch: 0300/1000]  mIoU: 33.80%  |  FB-IoU: 52.94%
[Batch: 0350/1000]  mIoU: 33.86%  |  FB-IoU: 53.39%
[Batch: 0400/1000]  mIoU: 32.79%  |  FB-IoU: 52.56%
[Batch: 0450/1000]  mIoU: 32.06%  |  FB-IoU: 52.07%
[Batch: 0500/1000]  mIoU: 32.17%  |  FB-IoU: 52.04%
[Batch: 0550/1000]  mIoU: 32.30%  |  FB-IoU: 52.29%
[Batch: 0600/1000]  mIoU: 32.37%  |  FB-IoU: 52.46%
[Batch: 0650/1000]  mIoU: 32.52%  |  FB-IoU: 52.54%
[Batch: 0700/1000]  mIoU: 32.36%  |  FB-IoU: 52.51%
[Batch: 0750/1000]  mIoU: 32.35%  |  FB-IoU: 52.58%
[Batch: 0800/1000]  mIoU: 32.41%  |  FB-IoU: 52.61%
[Batch: 0850/1000]  mIoU: 32.42%  |  FB-IoU: 52.53%
[Batch: 0900/1000]  mIoU: 32.78%  |  FB-IoU: 52.81%
[Batch: 0950/1000]  mIoU: 32.63%  |  FB-IoU: 52.78%
[Batch: 1000/1000]  mIoU: 32.55%  |  FB-IoU: 52.79%

================ FINAL RESULTS ================
Benchmark:   SUIM
Adapter:     depthwise_separable_3x3
Fusion:      softmax_margin
Final mIoU (Cumulative): 32.55%
Mean Episode-IoU:       32.84%
Final FB-IoU:           52.79%
Elapsed Time:           4600.12s (4.600s/episode)
================================================

