================================================================================
                     CD-FSS EXPERIMENTAL AUDIT RUNNER
================================================================================
experiment_name:    E3
dataset:            suim
seed:               42
nshot:              1
requested_episodes: 100
resolved_episodes:  100
adapter:            depthwise_separable_3x3
fusion:             softmax_margin
adaptation_mode:    every-episode
image_size:         400x400
threshold_method:   pred_mean (max(Otsu, mean), drop_least=0.05)
backbone:           ResNet-50 (Pre-ReLU unclipped features)
checkpoint:         ResNet50_Weights.DEFAULT
manifest_path:      /root/ABCDFSS/experiments/episodes/suim_seed42_100episodes.json
manifest_sha256:    815b46460e672ce642320a35f8c6b5e576cc0289ca10bca95f7b159af130f5c0
dataloader_workers: 2
git_commit:         0ad471e32d6701f781be4bd2952593332b8074eb
git_status:         injected_via_env
PyTorch version:    2.1.2+cu121
TorchVision version:0.16.2+cu121
CUDA version:       12.1
GPU:                Tesla T4
Log file saved to:  /root/results/suim/E3_100ep_seed42/suim_depthwise_separable_3x3_softmax_margin_1shot_E3_20261006_082438.log
================================================================================

[*] SUIM auto-detected base_path at: /root/datasets_cache/kagglehub/datasets/heyoujue/suim-merged/versions/2/suim_merged
[*] SUIMDataset loaded 100 fixed episodes from manifest: /root/ABCDFSS/experiments/episodes/suim_seed42_100episodes.json

:=========== CD-FSS Clean Framework Evaluation: SUIM ===========
| Device:         cuda
| Adapter Type:   depthwise_separable_3x3
| Fusion Mode:    softmax_margin (temp=1.0)
| Adapt Mode:     every-episode
| Total Episodes: 100
:========================================================================

[Batch: 0001/0100]  mIoU:  3.35%  |  FB-IoU: 38.37%
[Batch: 0050/0100]  mIoU: 35.72%  |  FB-IoU: 53.18%
[Batch: 0100/0100]  mIoU: 35.35%  |  FB-IoU: 53.24%

================ FINAL RESULTS ================
Benchmark:   SUIM
Adapter:     depthwise_separable_3x3
Fusion:      softmax_margin
Final mIoU (Cumulative): 35.35%
Mean Episode-IoU:       35.88%
Final FB-IoU:           53.24%
Elapsed Time:           435.84s (4.358s/episode)
================================================

