================================================================================
                     CD-FSS EXPERIMENTAL AUDIT RUNNER
================================================================================
experiment_name:    E3
dataset:            isic
seed:               42
nshot:              1
requested_episodes: 1000
resolved_episodes:  1000
adapter:            depthwise_separable_3x3
fusion:             softmax_margin
adaptation_mode:    every-episode
image_size:         400x400
threshold_method:   pred_mean (max(Otsu, mean), drop_least=0.05)
backbone:           ResNet-50 (Pre-ReLU unclipped features)
checkpoint:         ResNet50_Weights.DEFAULT
manifest_path:      /root/ABCDFSS/experiments/episodes/isic_seed42_1000episodes.json
manifest_sha256:    bc13857c7579f7a081a3548d3c21fb643b8776aa5fd5a6623f19598f0ad68ba3
dataloader_workers: 2
git_commit:         61470cf205ed282b58701512852e2c4b05418a2e
git_status:         injected_via_env
PyTorch version:    2.1.2+cu121
TorchVision version:0.16.2+cu121
CUDA version:       12.1
GPU:                Tesla T4
Log file saved to:  /root/results/isic/E3_1000ep_seed42/isic_depthwise_separable_3x3_softmax_margin_1shot_E3_20261006_190033.log
================================================================================

[*] ISICDataset loaded 1000 fixed episodes from manifest: /root/ABCDFSS/experiments/episodes/isic_seed42_1000episodes.json

:=========== CD-FSS Clean Framework Evaluation: ISIC ===========
| Device:         cuda
| Adapter Type:   depthwise_separable_3x3
| Fusion Mode:    softmax_margin (temp=1.0)
| Adapt Mode:     every-episode
| Total Episodes: 1000
:========================================================================

[Batch: 0001/1000]  mIoU: 34.96%  |  FB-IoU: 44.37%
[Batch: 0050/1000]  mIoU: 39.36%  |  FB-IoU: 54.91%
[Batch: 0100/1000]  mIoU: 41.72%  |  FB-IoU: 58.13%
[Batch: 0150/1000]  mIoU: 41.99%  |  FB-IoU: 58.24%
[Batch: 0200/1000]  mIoU: 41.69%  |  FB-IoU: 58.26%
[Batch: 0250/1000]  mIoU: 41.35%  |  FB-IoU: 57.67%
[Batch: 0300/1000]  mIoU: 41.12%  |  FB-IoU: 57.65%
[Batch: 0350/1000]  mIoU: 41.12%  |  FB-IoU: 57.65%
[Batch: 0400/1000]  mIoU: 41.47%  |  FB-IoU: 58.13%
[Batch: 0450/1000]  mIoU: 40.59%  |  FB-IoU: 57.42%
[Batch: 0500/1000]  mIoU: 40.41%  |  FB-IoU: 57.30%
[Batch: 0550/1000]  mIoU: 40.56%  |  FB-IoU: 57.45%
[Batch: 0600/1000]  mIoU: 40.91%  |  FB-IoU: 57.63%
[Batch: 0650/1000]  mIoU: 40.89%  |  FB-IoU: 57.53%
[Batch: 0700/1000]  mIoU: 41.08%  |  FB-IoU: 57.55%
[Batch: 0750/1000]  mIoU: 41.03%  |  FB-IoU: 57.52%
[Batch: 0800/1000]  mIoU: 40.85%  |  FB-IoU: 57.45%
[Batch: 0850/1000]  mIoU: 41.06%  |  FB-IoU: 57.54%
[Batch: 0900/1000]  mIoU: 40.99%  |  FB-IoU: 57.52%
[Batch: 0950/1000]  mIoU: 40.94%  |  FB-IoU: 57.47%
[Batch: 1000/1000]  mIoU: 40.47%  |  FB-IoU: 57.16%

================ FINAL RESULTS ================
Benchmark:   ISIC
Adapter:     depthwise_separable_3x3
Fusion:      softmax_margin
Final mIoU (Cumulative): 40.47%
Mean Episode-IoU:       42.94%
Final FB-IoU:           57.16%
Elapsed Time:           4448.92s (4.449s/episode)
================================================

