================================================================================
                     CD-FSS EXPERIMENTAL AUDIT RUNNER
================================================================================
experiment_name:    E1
dataset:            isic
seed:               42
nshot:              1
requested_episodes: 100
resolved_episodes:  100
adapter:            depthwise_separable_3x3
fusion:             mean
adaptation_mode:    every-episode
image_size:         400x400
threshold_method:   pred_mean (max(Otsu, mean), drop_least=0.05)
backbone:           ResNet-50 (Pre-ReLU unclipped features)
checkpoint:         ResNet50_Weights.DEFAULT
manifest_path:      /root/ABCDFSS/experiments/episodes/isic_seed42_100episodes.json
manifest_sha256:    3691e721ff6df2efa79f7e480f17e68f7e6153c53461b45a7de8cf08d7e30ce0
dataloader_workers: 2
git_commit:         0ad471e32d6701f781be4bd2952593332b8074eb
git_status:         injected_via_env
PyTorch version:    2.1.2+cu121
TorchVision version:0.16.2+cu121
CUDA version:       12.1
GPU:                Tesla T4
Log file saved to:  /root/results/isic/E1_100ep_seed42/isic_depthwise_separable_3x3_mean_1shot_E1_20261006_071520.log
================================================================================

[*] ISICDataset loaded 100 fixed episodes from manifest: /root/ABCDFSS/experiments/episodes/isic_seed42_100episodes.json

:=========== CD-FSS Clean Framework Evaluation: ISIC ===========
| Device:         cuda
| Adapter Type:   depthwise_separable_3x3
| Fusion Mode:    mean (temp=1.0)
| Adapt Mode:     every-episode
| Total Episodes: 100
:========================================================================

[Batch: 0001/0100]  mIoU: 36.58%  |  FB-IoU: 44.93%
[Batch: 0050/0100]  mIoU: 39.24%  |  FB-IoU: 54.63%
[Batch: 0100/0100]  mIoU: 41.80%  |  FB-IoU: 57.93%

================ FINAL RESULTS ================
Benchmark:   ISIC
Adapter:     depthwise_separable_3x3
Fusion:      mean
Final mIoU (Cumulative): 41.80%
Mean Episode-IoU:       45.57%
Final FB-IoU:           57.93%
Elapsed Time:           441.58s (4.416s/episode)
================================================

