================================================================================
                     CD-FSS EXPERIMENTAL AUDIT RUNNER
================================================================================
experiment_name:    E1
dataset:            lung
seed:               42
nshot:              1
num_episodes:       20
adapter:            depthwise_separable_3x3
fusion:             mean
adaptation_mode:    every-episode
image_size:         400x400
threshold_method:   pred_mean (max(Otsu, mean), drop_least=0.05)
backbone:           ResNet-50 (Pre-ReLU unclipped features)
checkpoint:         ResNet50_Weights.DEFAULT
manifest_path:      D:\xulyanhv2\ABCDFSS\experiments\episodes\lung_seed42_20episodes.json
PyTorch version:    2.14.0+cpu
TorchVision version:0.29.0+cpu
CUDA version:       N/A
GPU:                CPU Only
Log file saved to:  D:\xulyanhv2\ABCDFSS\results\full_benchmark\Lung\E1\lung_depthwise_separable_3x3_mean_1shot_E1_20261006_015730.log
================================================================================

[*] LungDataset loaded 20 fixed episodes from manifest: D:\xulyanhv2\ABCDFSS\experiments\episodes\lung_seed42_20episodes.json

:=========== CD-FSS Clean Framework Evaluation: LUNG ===========
| Device:         cpu
| Adapter Type:   depthwise_separable_3x3
| Fusion Mode:    mean (temp=1.0)
| Adapt Mode:     every-episode
| Total Episodes: 20
:========================================================================

[Batch: 0001/0020]  mIoU: 85.19%  |  FB-IoU: 89.73%
[Batch: 0020/0020]  mIoU: 78.84%  |  FB-IoU: 85.72%

================ FINAL RESULTS ================
Benchmark:   LUNG
Adapter:     depthwise_separable_3x3
Fusion:      mean
Final mIoU (Cumulative): 78.84%
Mean Episode-IoU:       78.23%
Final FB-IoU:           85.72%
Elapsed Time:           841.64s (42.082s/episode)
================================================

