================================================================================
                     CD-FSS EXPERIMENTAL AUDIT RUNNER
================================================================================
experiment_name:    E2
dataset:            fss
seed:               42
nshot:              1
num_episodes:       20
adapter:            conv1x1
fusion:             softmax_margin
adaptation_mode:    every-episode
image_size:         400x400
threshold_method:   pred_mean (max(Otsu, mean), drop_least=0.05)
backbone:           ResNet-50 (Pre-ReLU unclipped features)
checkpoint:         ResNet50_Weights.DEFAULT
manifest_path:      Runtime sampling
PyTorch version:    2.14.0+cpu
TorchVision version:0.29.0+cpu
CUDA version:       N/A
GPU:                CPU Only
Log file saved to:  D:\xulyanhv2\ABCDFSS\results\full_benchmark\FSS1000\E2\fss_conv1x1_softmax_margin_1shot_E2_20261006_025658.log
================================================================================

[*] FSS-1000 auto-detected base_path at: D:\xulyanhv2\ABCDFSS\datasets\fss1000
[*] FSS-1000 loaded successfully: 240 classes, 2400 images.

:=========== CD-FSS Clean Framework Evaluation: FSS ===========
| Device:         cpu
| Adapter Type:   conv1x1
| Fusion Mode:    softmax_margin (temp=1.0)
| Adapt Mode:     every-episode
| Total Episodes: 20
:========================================================================

[Batch: 0001/0020]  mIoU: 80.13%  |  FB-IoU: 80.71%
[Batch: 0020/0020]  mIoU: 80.19%  |  FB-IoU: 81.93%

================ FINAL RESULTS ================
Benchmark:   FSS
Adapter:     conv1x1
Fusion:      softmax_margin
Final mIoU (Cumulative): 80.19%
Mean Episode-IoU:       80.35%
Final FB-IoU:           81.93%
Elapsed Time:           505.09s (25.255s/episode)
================================================

