[*] Log file saved to: ./logs/deepglobe_depthwise_separable_3x3_softmax_margin_1shot_20261004_103108.log
[*] Deepglobe auto-detected base_path at: /root/.cache/kagglehub/datasets/heyoujue/deepglobe/versions/7

:=========== CD-FSS Clean Framework Evaluation: DEEPGLOBE ===========
| Device:         cuda
| Adapter Type:   depthwise_separable_3x3
| Fusion Mode:    softmax_margin (temp=1.0)
| Adapt Mode:     first-episode
| Total Episodes: 1833
:========================================================================

[Batch: 0001/1833]  mIoU: 29.54%  |  FB-IoU: 46.57%
[Batch: 0050/1833]  mIoU: 46.76%  |  FB-IoU: 47.00%
[Batch: 0100/1833]  mIoU: 46.98%  |  FB-IoU: 47.37%
[Batch: 0150/1833]  mIoU: 45.29%  |  FB-IoU: 46.64%
[Batch: 0200/1833]  mIoU: 44.53%  |  FB-IoU: 46.30%
[Batch: 0250/1833]  mIoU: 44.54%  |  FB-IoU: 46.59%
[Batch: 0300/1833]  mIoU: 43.67%  |  FB-IoU: 45.95%
[Batch: 0350/1833]  mIoU: 43.44%  |  FB-IoU: 45.68%
[Batch: 0400/1833]  mIoU: 43.84%  |  FB-IoU: 45.65%
[Batch: 0450/1833]  mIoU: 43.80%  |  FB-IoU: 45.90%
[Batch: 0500/1833]  mIoU: 43.15%  |  FB-IoU: 45.47%
[Batch: 0550/1833]  mIoU: 43.29%  |  FB-IoU: 45.42%
[Batch: 0600/1833]  mIoU: 43.24%  |  FB-IoU: 45.43%
[Batch: 0650/1833]  mIoU: 43.01%  |  FB-IoU: 45.19%
[Batch: 0700/1833]  mIoU: 43.01%  |  FB-IoU: 45.26%
[Batch: 0750/1833]  mIoU: 42.97%  |  FB-IoU: 45.29%
[Batch: 0800/1833]  mIoU: 42.95%  |  FB-IoU: 45.30%
[Batch: 0850/1833]  mIoU: 43.14%  |  FB-IoU: 45.47%
[Batch: 0900/1833]  mIoU: 43.00%  |  FB-IoU: 45.43%
[Batch: 0950/1833]  mIoU: 42.73%  |  FB-IoU: 45.31%
[Batch: 1000/1833]  mIoU: 42.72%  |  FB-IoU: 45.31%
[Batch: 1050/1833]  mIoU: 42.69%  |  FB-IoU: 45.29%
[Batch: 1100/1833]  mIoU: 42.83%  |  FB-IoU: 45.43%
[Batch: 1150/1833]  mIoU: 42.73%  |  FB-IoU: 45.43%
[Batch: 1200/1833]  mIoU: 42.61%  |  FB-IoU: 45.45%
[Batch: 1250/1833]  mIoU: 42.64%  |  FB-IoU: 45.53%
[Batch: 1300/1833]  mIoU: 42.49%  |  FB-IoU: 45.40%
[Batch: 1350/1833]  mIoU: 42.44%  |  FB-IoU: 45.36%
[Batch: 1400/1833]  mIoU: 42.23%  |  FB-IoU: 45.14%
[Batch: 1450/1833]  mIoU: 42.12%  |  FB-IoU: 45.09%
[Batch: 1500/1833]  mIoU: 42.16%  |  FB-IoU: 45.11%
[Batch: 1550/1833]  mIoU: 41.96%  |  FB-IoU: 44.97%
[Batch: 1600/1833]  mIoU: 42.11%  |  FB-IoU: 45.07%
[Batch: 1650/1833]  mIoU: 42.15%  |  FB-IoU: 45.08%
[Batch: 1700/1833]  mIoU: 42.22%  |  FB-IoU: 45.13%
[Batch: 1750/1833]  mIoU: 42.35%  |  FB-IoU: 45.29%
[Batch: 1800/1833]  mIoU: 42.31%  |  FB-IoU: 45.29%
[Batch: 1833/1833]  mIoU: 42.23%  |  FB-IoU: 45.28%

================ FINAL RESULTS ================
Benchmark:   DEEPGLOBE
Adapter:     depthwise_separable_3x3
Fusion:      softmax_margin
Final mIoU:   42.23%
Final FB-IoU: 45.28%
Elapsed Time: 119.76s (0.065s/episode)
================================================

