================================================================================
                     CD-FSS EXPERIMENTAL AUDIT RUNNER
================================================================================
experiment_name:    E0
dataset:            deepglobe
seed:               42
nshot:              1
num_episodes:       1
adapter:            conv1x1
fusion:             mean
adaptation_mode:    every-episode
image_size:         400x400
threshold_method:   pred_mean (max(Otsu, mean), drop_least=0.05)
backbone:           ResNet-50 (Pre-ReLU unclipped features)
checkpoint:         ResNet50_Weights.DEFAULT
manifest_path:      Runtime sampling
PyTorch version:    2.14.0+cpu
TorchVision version:0.29.0+cpu
CUDA version:       N/A
GPU:                CPU Only
Log file saved to:  ./logs\deepglobe_conv1x1_mean_1shot_E0_20261005_225349.log
================================================================================

[*] Deepglobe auto-detected base_path at: datasets/deepglobe

:=========== CD-FSS Clean Framework Evaluation: DEEPGLOBE ===========
| Device:         cpu
| Adapter Type:   conv1x1
| Fusion Mode:    mean (temp=1.0)
| Adapt Mode:     every-episode
| Total Episodes: 1
:========================================================================

[Batch: 0001/0001]  mIoU: 50.82%  |  FB-IoU: 68.63%

================ FINAL RESULTS ================
Benchmark:   DEEPGLOBE
Adapter:     conv1x1
Fusion:      mean
Final mIoU:   50.82%
Final FB-IoU: 68.63%
Elapsed Time: 32.67s (0.018s/episode)
================================================

