[*] Log file saved to: ./logs/fss_depthwise_separable_3x3_softmax_margin_1shot_20261004_095507.log
[*] FSS-1000 auto-detected base_path at: ./datasets/fewshot1000
[*] FSS-1000 nạp thành công: 240 lớp, 2400 ảnh hợp lệ.

:=========== CD-FSS Clean Framework Evaluation: FSS ===========
| Device:         cuda
| Adapter Type:   depthwise_separable_3x3
| Fusion Mode:    softmax_margin (temp=1.0)
| Adapt Mode:     first-episode
| Total Episodes: 2400
:========================================================================

[Batch: 0001/2400]  mIoU: 77.63%  |  FB-IoU: 78.10%
[Batch: 0050/2400]  mIoU: 55.86%  |  FB-IoU: 64.03%
[Batch: 0100/2400]  mIoU: 54.64%  |  FB-IoU: 63.29%
[Batch: 0150/2400]  mIoU: 52.58%  |  FB-IoU: 62.20%
[Batch: 0200/2400]  mIoU: 51.93%  |  FB-IoU: 61.57%
[Batch: 0250/2400]  mIoU: 52.61%  |  FB-IoU: 62.05%
[Batch: 0300/2400]  mIoU: 52.18%  |  FB-IoU: 61.98%
[Batch: 0350/2400]  mIoU: 52.04%  |  FB-IoU: 61.79%
[Batch: 0400/2400]  mIoU: 51.42%  |  FB-IoU: 61.09%
[Batch: 0450/2400]  mIoU: 51.09%  |  FB-IoU: 61.05%
[Batch: 0500/2400]  mIoU: 51.10%  |  FB-IoU: 61.07%
[Batch: 0550/2400]  mIoU: 52.13%  |  FB-IoU: 61.82%
[Batch: 0600/2400]  mIoU: 51.74%  |  FB-IoU: 61.57%
[Batch: 0650/2400]  mIoU: 51.01%  |  FB-IoU: 61.03%
[Batch: 0700/2400]  mIoU: 50.99%  |  FB-IoU: 61.02%
[Batch: 0750/2400]  mIoU: 51.52%  |  FB-IoU: 61.43%
[Batch: 0800/2400]  mIoU: 50.47%  |  FB-IoU: 60.61%
[Batch: 0850/2400]  mIoU: 50.51%  |  FB-IoU: 60.67%
[Batch: 0900/2400]  mIoU: 49.79%  |  FB-IoU: 60.12%
[Batch: 0950/2400]  mIoU: 50.12%  |  FB-IoU: 60.37%
[Batch: 1000/2400]  mIoU: 50.05%  |  FB-IoU: 60.28%
[Batch: 1050/2400]  mIoU: 50.32%  |  FB-IoU: 60.52%
[Batch: 1100/2400]  mIoU: 50.18%  |  FB-IoU: 60.42%
[Batch: 1150/2400]  mIoU: 50.53%  |  FB-IoU: 60.67%
[Batch: 1200/2400]  mIoU: 50.88%  |  FB-IoU: 60.91%
[Batch: 1250/2400]  mIoU: 50.89%  |  FB-IoU: 60.96%
[Batch: 1300/2400]  mIoU: 50.76%  |  FB-IoU: 60.87%
[Batch: 1350/2400]  mIoU: 50.97%  |  FB-IoU: 61.02%
[Batch: 1400/2400]  mIoU: 51.12%  |  FB-IoU: 61.08%
[Batch: 1450/2400]  mIoU: 51.21%  |  FB-IoU: 61.18%
[Batch: 1500/2400]  mIoU: 51.07%  |  FB-IoU: 61.06%
[Batch: 1550/2400]  mIoU: 50.81%  |  FB-IoU: 60.96%
[Batch: 1600/2400]  mIoU: 50.62%  |  FB-IoU: 60.85%
[Batch: 1650/2400]  mIoU: 50.58%  |  FB-IoU: 60.85%
[Batch: 1700/2400]  mIoU: 50.62%  |  FB-IoU: 60.87%
[Batch: 1750/2400]  mIoU: 50.74%  |  FB-IoU: 60.96%
[Batch: 1800/2400]  mIoU: 50.76%  |  FB-IoU: 60.95%
[Batch: 1850/2400]  mIoU: 50.49%  |  FB-IoU: 60.79%
[Batch: 1900/2400]  mIoU: 50.28%  |  FB-IoU: 60.57%
[Batch: 1950/2400]  mIoU: 50.21%  |  FB-IoU: 60.52%
[Batch: 2000/2400]  mIoU: 49.85%  |  FB-IoU: 60.29%
[Batch: 2050/2400]  mIoU: 50.01%  |  FB-IoU: 60.40%
[Batch: 2100/2400]  mIoU: 49.87%  |  FB-IoU: 60.32%
[Batch: 2150/2400]  mIoU: 49.57%  |  FB-IoU: 60.14%
[Batch: 2200/2400]  mIoU: 49.70%  |  FB-IoU: 60.22%
[Batch: 2250/2400]  mIoU: 49.49%  |  FB-IoU: 60.05%
[Batch: 2300/2400]  mIoU: 49.24%  |  FB-IoU: 59.88%
[Batch: 2350/2400]  mIoU: 49.31%  |  FB-IoU: 59.91%
[Batch: 2400/2400]  mIoU: 49.55%  |  FB-IoU: 60.07%

================ FINAL RESULTS ================
Benchmark:   FSS
Adapter:     depthwise_separable_3x3
Fusion:      softmax_margin
Final mIoU:   49.55%
Final FB-IoU: 60.07%
Elapsed Time: 1098.35s (0.458s/episode)
================================================

