[*] Log file saved to: ./logs/isic_conv1x1_softmax_margin_1shot_20261004_101331.log

:=========== CD-FSS Clean Framework Evaluation: ISIC ===========
| Device:         cuda
| Adapter Type:   conv1x1
| Fusion Mode:    softmax_margin (temp=1.0)
| Adapt Mode:     first-episode
| Total Episodes: 2594
:========================================================================

[Batch: 0001/2594]  mIoU: 37.25%  |  FB-IoU: 48.71%
[Batch: 0050/2594]  mIoU: 35.18%  |  FB-IoU: 46.24%
[Batch: 0100/2594]  mIoU: 34.82%  |  FB-IoU: 46.85%
[Batch: 0150/2594]  mIoU: 35.38%  |  FB-IoU: 47.21%
[Batch: 0200/2594]  mIoU: 35.21%  |  FB-IoU: 47.16%
[Batch: 0250/2594]  mIoU: 35.69%  |  FB-IoU: 47.27%
[Batch: 0300/2594]  mIoU: 34.99%  |  FB-IoU: 46.80%
[Batch: 0350/2594]  mIoU: 35.10%  |  FB-IoU: 46.94%
[Batch: 0400/2594]  mIoU: 34.96%  |  FB-IoU: 47.03%
[Batch: 0450/2594]  mIoU: 34.40%  |  FB-IoU: 46.54%
[Batch: 0500/2594]  mIoU: 34.32%  |  FB-IoU: 46.49%
[Batch: 0550/2594]  mIoU: 34.47%  |  FB-IoU: 46.63%
[Batch: 0600/2594]  mIoU: 34.73%  |  FB-IoU: 46.77%
[Batch: 0650/2594]  mIoU: 34.93%  |  FB-IoU: 46.83%
[Batch: 0700/2594]  mIoU: 35.33%  |  FB-IoU: 47.03%
[Batch: 0750/2594]  mIoU: 35.43%  |  FB-IoU: 47.09%
[Batch: 0800/2594]  mIoU: 35.40%  |  FB-IoU: 47.12%
[Batch: 0850/2594]  mIoU: 35.35%  |  FB-IoU: 47.06%
[Batch: 0900/2594]  mIoU: 35.38%  |  FB-IoU: 47.08%
[Batch: 0950/2594]  mIoU: 35.48%  |  FB-IoU: 47.12%
[Batch: 1000/2594]  mIoU: 35.14%  |  FB-IoU: 46.90%
[Batch: 1050/2594]  mIoU: 35.23%  |  FB-IoU: 46.97%
[Batch: 1100/2594]  mIoU: 35.24%  |  FB-IoU: 46.98%
[Batch: 1150/2594]  mIoU: 35.29%  |  FB-IoU: 47.00%
[Batch: 1200/2594]  mIoU: 35.30%  |  FB-IoU: 47.05%
[Batch: 1250/2594]  mIoU: 35.26%  |  FB-IoU: 47.03%
[Batch: 1300/2594]  mIoU: 35.22%  |  FB-IoU: 47.04%
[Batch: 1350/2594]  mIoU: 35.14%  |  FB-IoU: 46.98%
[Batch: 1400/2594]  mIoU: 35.18%  |  FB-IoU: 46.96%
[Batch: 1450/2594]  mIoU: 35.30%  |  FB-IoU: 46.99%
[Batch: 1500/2594]  mIoU: 35.41%  |  FB-IoU: 47.04%
[Batch: 1550/2594]  mIoU: 35.26%  |  FB-IoU: 46.95%
[Batch: 1600/2594]  mIoU: 35.33%  |  FB-IoU: 46.97%
[Batch: 1650/2594]  mIoU: 35.40%  |  FB-IoU: 47.01%
[Batch: 1700/2594]  mIoU: 35.40%  |  FB-IoU: 46.99%
[Batch: 1750/2594]  mIoU: 35.35%  |  FB-IoU: 46.97%
[Batch: 1800/2594]  mIoU: 35.28%  |  FB-IoU: 46.93%
[Batch: 1850/2594]  mIoU: 35.51%  |  FB-IoU: 47.09%
[Batch: 1900/2594]  mIoU: 35.60%  |  FB-IoU: 47.11%
[Batch: 1950/2594]  mIoU: 35.67%  |  FB-IoU: 47.19%
[Batch: 2000/2594]  mIoU: 35.71%  |  FB-IoU: 47.21%
[Batch: 2050/2594]  mIoU: 35.71%  |  FB-IoU: 47.21%
[Batch: 2100/2594]  mIoU: 35.65%  |  FB-IoU: 47.20%
[Batch: 2150/2594]  mIoU: 35.58%  |  FB-IoU: 47.19%
[Batch: 2200/2594]  mIoU: 35.45%  |  FB-IoU: 47.12%
[Batch: 2250/2594]  mIoU: 35.46%  |  FB-IoU: 47.12%
[Batch: 2300/2594]  mIoU: 35.38%  |  FB-IoU: 47.07%
[Batch: 2350/2594]  mIoU: 35.34%  |  FB-IoU: 47.03%
[Batch: 2400/2594]  mIoU: 35.30%  |  FB-IoU: 46.98%
[Batch: 2450/2594]  mIoU: 35.29%  |  FB-IoU: 46.95%
[Batch: 2500/2594]  mIoU: 35.25%  |  FB-IoU: 46.94%
[Batch: 2550/2594]  mIoU: 35.22%  |  FB-IoU: 46.95%
[Batch: 2594/2594]  mIoU: 35.22%  |  FB-IoU: 46.94%

================ FINAL RESULTS ================
Benchmark:   ISIC
Adapter:     conv1x1
Fusion:      softmax_margin
Final mIoU:   35.22%
Final FB-IoU: 46.94%
Elapsed Time: 146.18s (0.056s/episode)
================================================

