[*] Log file saved to: ./logs/isic_depthwise_separable_3x3_softmax_margin_1shot_20261004_101608.log

:=========== CD-FSS Clean Framework Evaluation: ISIC ===========
| Device:         cuda
| Adapter Type:   depthwise_separable_3x3
| Fusion Mode:    softmax_margin (temp=1.0)
| Adapt Mode:     first-episode
| Total Episodes: 2594
:========================================================================

[Batch: 0001/2594]  mIoU: 36.94%  |  FB-IoU: 47.71%
[Batch: 0050/2594]  mIoU: 33.06%  |  FB-IoU: 44.36%
[Batch: 0100/2594]  mIoU: 32.81%  |  FB-IoU: 44.99%
[Batch: 0150/2594]  mIoU: 33.07%  |  FB-IoU: 45.14%
[Batch: 0200/2594]  mIoU: 32.92%  |  FB-IoU: 45.14%
[Batch: 0250/2594]  mIoU: 33.23%  |  FB-IoU: 45.16%
[Batch: 0300/2594]  mIoU: 32.74%  |  FB-IoU: 44.93%
[Batch: 0350/2594]  mIoU: 33.02%  |  FB-IoU: 45.18%
[Batch: 0400/2594]  mIoU: 33.02%  |  FB-IoU: 45.40%
[Batch: 0450/2594]  mIoU: 32.45%  |  FB-IoU: 44.92%
[Batch: 0500/2594]  mIoU: 32.39%  |  FB-IoU: 44.91%
[Batch: 0550/2594]  mIoU: 32.43%  |  FB-IoU: 44.97%
[Batch: 0600/2594]  mIoU: 32.72%  |  FB-IoU: 45.16%
[Batch: 0650/2594]  mIoU: 32.93%  |  FB-IoU: 45.24%
[Batch: 0700/2594]  mIoU: 33.30%  |  FB-IoU: 45.43%
[Batch: 0750/2594]  mIoU: 33.43%  |  FB-IoU: 45.51%
[Batch: 0800/2594]  mIoU: 33.32%  |  FB-IoU: 45.46%
[Batch: 0850/2594]  mIoU: 33.27%  |  FB-IoU: 45.42%
[Batch: 0900/2594]  mIoU: 33.21%  |  FB-IoU: 45.37%
[Batch: 0950/2594]  mIoU: 33.22%  |  FB-IoU: 45.35%
[Batch: 1000/2594]  mIoU: 32.91%  |  FB-IoU: 45.15%
[Batch: 1050/2594]  mIoU: 33.00%  |  FB-IoU: 45.21%
[Batch: 1100/2594]  mIoU: 33.02%  |  FB-IoU: 45.25%
[Batch: 1150/2594]  mIoU: 33.08%  |  FB-IoU: 45.26%
[Batch: 1200/2594]  mIoU: 33.05%  |  FB-IoU: 45.28%
[Batch: 1250/2594]  mIoU: 33.07%  |  FB-IoU: 45.31%
[Batch: 1300/2594]  mIoU: 33.03%  |  FB-IoU: 45.33%
[Batch: 1350/2594]  mIoU: 32.97%  |  FB-IoU: 45.27%
[Batch: 1400/2594]  mIoU: 33.05%  |  FB-IoU: 45.29%
[Batch: 1450/2594]  mIoU: 33.17%  |  FB-IoU: 45.33%
[Batch: 1500/2594]  mIoU: 33.24%  |  FB-IoU: 45.34%
[Batch: 1550/2594]  mIoU: 33.12%  |  FB-IoU: 45.28%
[Batch: 1600/2594]  mIoU: 33.16%  |  FB-IoU: 45.28%
[Batch: 1650/2594]  mIoU: 33.23%  |  FB-IoU: 45.31%
[Batch: 1700/2594]  mIoU: 33.18%  |  FB-IoU: 45.27%
[Batch: 1750/2594]  mIoU: 33.12%  |  FB-IoU: 45.24%
[Batch: 1800/2594]  mIoU: 33.07%  |  FB-IoU: 45.21%
[Batch: 1850/2594]  mIoU: 33.31%  |  FB-IoU: 45.37%
[Batch: 1900/2594]  mIoU: 33.35%  |  FB-IoU: 45.35%
[Batch: 1950/2594]  mIoU: 33.40%  |  FB-IoU: 45.41%
[Batch: 2000/2594]  mIoU: 33.46%  |  FB-IoU: 45.44%
[Batch: 2050/2594]  mIoU: 33.45%  |  FB-IoU: 45.43%
[Batch: 2100/2594]  mIoU: 33.37%  |  FB-IoU: 45.41%
[Batch: 2150/2594]  mIoU: 33.33%  |  FB-IoU: 45.42%
[Batch: 2200/2594]  mIoU: 33.20%  |  FB-IoU: 45.35%
[Batch: 2250/2594]  mIoU: 33.23%  |  FB-IoU: 45.38%
[Batch: 2300/2594]  mIoU: 33.17%  |  FB-IoU: 45.34%
[Batch: 2350/2594]  mIoU: 33.14%  |  FB-IoU: 45.29%
[Batch: 2400/2594]  mIoU: 33.12%  |  FB-IoU: 45.26%
[Batch: 2450/2594]  mIoU: 33.11%  |  FB-IoU: 45.24%
[Batch: 2500/2594]  mIoU: 33.06%  |  FB-IoU: 45.22%
[Batch: 2550/2594]  mIoU: 33.05%  |  FB-IoU: 45.24%
[Batch: 2594/2594]  mIoU: 33.04%  |  FB-IoU: 45.23%

================ FINAL RESULTS ================
Benchmark:   ISIC
Adapter:     depthwise_separable_3x3
Fusion:      softmax_margin
Final mIoU:   33.04%
Final FB-IoU: 45.23%
Elapsed Time: 160.62s (0.062s/episode)
================================================

