[*] Log file saved to: ./logs/lung_depthwise_separable_3x3_softmax_margin_1shot_20261004_102804.log

:=========== CD-FSS Clean Framework Evaluation: LUNG ===========
| Device:         cuda
| Adapter Type:   depthwise_separable_3x3
| Fusion Mode:    softmax_margin (temp=1.0)
| Adapt Mode:     first-episode
| Total Episodes: 704
:========================================================================

[Batch: 0001/0704]  mIoU: 66.33%  |  FB-IoU: 73.41%
[Batch: 0050/0704]  mIoU: 55.71%  |  FB-IoU: 65.21%
[Batch: 0100/0704]  mIoU: 56.84%  |  FB-IoU: 66.03%
[Batch: 0150/0704]  mIoU: 56.53%  |  FB-IoU: 65.66%
[Batch: 0200/0704]  mIoU: 56.42%  |  FB-IoU: 65.58%
[Batch: 0250/0704]  mIoU: 56.62%  |  FB-IoU: 65.68%
[Batch: 0300/0704]  mIoU: 56.69%  |  FB-IoU: 65.70%
[Batch: 0350/0704]  mIoU: 56.88%  |  FB-IoU: 65.86%
[Batch: 0400/0704]  mIoU: 57.09%  |  FB-IoU: 66.02%
[Batch: 0450/0704]  mIoU: 56.99%  |  FB-IoU: 65.96%
[Batch: 0500/0704]  mIoU: 56.94%  |  FB-IoU: 65.96%
[Batch: 0550/0704]  mIoU: 57.00%  |  FB-IoU: 66.02%
[Batch: 0600/0704]  mIoU: 56.98%  |  FB-IoU: 66.00%
[Batch: 0650/0704]  mIoU: 56.87%  |  FB-IoU: 65.90%
[Batch: 0700/0704]  mIoU: 56.87%  |  FB-IoU: 65.90%
[Batch: 0704/0704]  mIoU: 56.85%  |  FB-IoU: 65.89%

================ FINAL RESULTS ================
Benchmark:   LUNG
Adapter:     depthwise_separable_3x3
Fusion:      softmax_margin
Final mIoU:   56.85%
Final FB-IoU: 65.89%
Elapsed Time: 63.73s (0.091s/episode)
================================================

