[*] Log file saved to: ./logs/lung_conv1x1_softmax_margin_1shot_20261004_102656.log

:=========== CD-FSS Clean Framework Evaluation: LUNG ===========
| Device:         cuda
| Adapter Type:   conv1x1
| Fusion Mode:    softmax_margin (temp=1.0)
| Adapt Mode:     first-episode
| Total Episodes: 704
:========================================================================

[Batch: 0001/0704]  mIoU: 64.17%  |  FB-IoU: 71.42%
[Batch: 0050/0704]  mIoU: 54.53%  |  FB-IoU: 64.02%
[Batch: 0100/0704]  mIoU: 55.83%  |  FB-IoU: 65.02%
[Batch: 0150/0704]  mIoU: 55.58%  |  FB-IoU: 64.68%
[Batch: 0200/0704]  mIoU: 55.39%  |  FB-IoU: 64.52%
[Batch: 0250/0704]  mIoU: 55.56%  |  FB-IoU: 64.58%
[Batch: 0300/0704]  mIoU: 55.56%  |  FB-IoU: 64.55%
[Batch: 0350/0704]  mIoU: 55.71%  |  FB-IoU: 64.67%
[Batch: 0400/0704]  mIoU: 55.95%  |  FB-IoU: 64.86%
[Batch: 0450/0704]  mIoU: 55.88%  |  FB-IoU: 64.84%
[Batch: 0500/0704]  mIoU: 55.85%  |  FB-IoU: 64.86%
[Batch: 0550/0704]  mIoU: 55.93%  |  FB-IoU: 64.94%
[Batch: 0600/0704]  mIoU: 55.90%  |  FB-IoU: 64.90%
[Batch: 0650/0704]  mIoU: 55.83%  |  FB-IoU: 64.84%
[Batch: 0700/0704]  mIoU: 55.84%  |  FB-IoU: 64.86%
[Batch: 0704/0704]  mIoU: 55.82%  |  FB-IoU: 64.85%

================ FINAL RESULTS ================
Benchmark:   LUNG
Adapter:     conv1x1
Fusion:      softmax_margin
Final mIoU:   55.82%
Final FB-IoU: 64.85%
Elapsed Time: 62.29s (0.088s/episode)
================================================

