================================================================================
                     CD-FSS EXPERIMENTAL AUDIT RUNNER
================================================================================
experiment_name:    E0
dataset:            lung
seed:               42
nshot:              1
num_episodes:       20
adapter:            conv1x1
fusion:             mean
adaptation_mode:    first-episode
image_size:         400x400
threshold_method:   pred_mean (max(Otsu, mean), drop_least=0.05)
backbone:           ResNet-50 (Pre-ReLU unclipped features)
checkpoint:         ResNet50_Weights.DEFAULT
manifest_path:      D:\xulyanhv2\ABCDFSS\experiments\episodes\lung_seed42_20episodes.json
PyTorch version:    2.14.0+cpu
TorchVision version:0.29.0+cpu
CUDA version:       N/A
GPU:                CPU Only
Log file saved to:  ./logs\lung_conv1x1_mean_1shot_E0_20261005_213624.log
================================================================================

[*] LungDataset loaded 20 fixed episodes from manifest: D:\xulyanhv2\ABCDFSS\experiments\episodes\lung_seed42_20episodes.json

:=========== CD-FSS Clean Framework Evaluation: LUNG ===========
| Device:         cpu
| Adapter Type:   conv1x1
| Fusion Mode:    mean (temp=1.0)
| Adapt Mode:     first-episode
| Total Episodes: 20
:========================================================================

[Batch: 0001/0020]  mIoU: 68.90%  |  FB-IoU: 79.01%
[Batch: 0020/0020]  mIoU: 78.52%  |  FB-IoU: 85.73%

================ FINAL RESULTS ================
Benchmark:   LUNG
Adapter:     conv1x1
Fusion:      mean
Final mIoU:   78.52%
Final FB-IoU: 85.73%
Elapsed Time: 148.50s (7.425s/episode)
================================================

