================================================================================
                     CD-FSS EXPERIMENTAL AUDIT RUNNER
================================================================================
experiment_name:    E3
dataset:            isic
seed:               42
nshot:              1
num_episodes:       20
adapter:            depthwise_separable_3x3
fusion:             softmax_margin
adaptation_mode:    every-episode
image_size:         400x400
threshold_method:   pred_mean (max(Otsu, mean), drop_least=0.05)
backbone:           ResNet-50 (Pre-ReLU unclipped features)
checkpoint:         ResNet50_Weights.DEFAULT
manifest_path:      Runtime sampling
PyTorch version:    2.14.0+cpu
TorchVision version:0.29.0+cpu
CUDA version:       N/A
GPU:                CPU Only
Log file saved to:  D:\xulyanhv2\ABCDFSS\results\full_benchmark\ISIC\E3\isic_depthwise_separable_3x3_softmax_margin_1shot_E3_20261006_002825.log
================================================================================


:=========== CD-FSS Clean Framework Evaluation: ISIC ===========
| Device:         cpu
| Adapter Type:   depthwise_separable_3x3
| Fusion Mode:    softmax_margin (temp=1.0)
| Adapt Mode:     every-episode
| Total Episodes: 20
:========================================================================

[Batch: 0001/0020]  mIoU: 37.02%  |  FB-IoU: 45.64%
[Batch: 0020/0020]  mIoU: 40.52%  |  FB-IoU: 56.46%

================ FINAL RESULTS ================
Benchmark:   ISIC
Adapter:     depthwise_separable_3x3
Fusion:      softmax_margin
Final mIoU (Cumulative): 40.52%
Mean Episode-IoU:       47.78%
Final FB-IoU:           56.46%
Elapsed Time:           4655.90s (232.795s/episode)
================================================

