================================================================================
                     CD-FSS EXPERIMENTAL AUDIT RUNNER
================================================================================
experiment_name:    E1
dataset:            isic
seed:               42
nshot:              1
num_episodes:       20
adapter:            depthwise_separable_3x3
fusion:             mean
adaptation_mode:    every-episode
image_size:         400x400
threshold_method:   pred_mean (max(Otsu, mean), drop_least=0.05)
backbone:           ResNet-50 (Pre-ReLU unclipped features)
checkpoint:         ResNet50_Weights.DEFAULT
manifest_path:      Runtime sampling
PyTorch version:    2.14.0+cpu
TorchVision version:0.29.0+cpu
CUDA version:       N/A
GPU:                CPU Only
Log file saved to:  D:\xulyanhv2\ABCDFSS\results\full_benchmark\ISIC\E1\isic_depthwise_separable_3x3_mean_1shot_E1_20261006_000259.log
================================================================================


:=========== CD-FSS Clean Framework Evaluation: ISIC ===========
| Device:         cpu
| Adapter Type:   depthwise_separable_3x3
| Fusion Mode:    mean (temp=1.0)
| Adapt Mode:     every-episode
| Total Episodes: 20
:========================================================================

[Batch: 0001/0020]  mIoU: 36.60%  |  FB-IoU: 44.86%
[Batch: 0020/0020]  mIoU: 39.71%  |  FB-IoU: 55.48%

================ FINAL RESULTS ================
Benchmark:   ISIC
Adapter:     depthwise_separable_3x3
Fusion:      mean
Final mIoU (Cumulative): 39.71%
Mean Episode-IoU:       46.99%
Final FB-IoU:           55.48%
Elapsed Time:           955.55s (47.778s/episode)
================================================

