================================================================================
                     CD-FSS EXPERIMENTAL AUDIT RUNNER
================================================================================
experiment_name:    E2
dataset:            isic
seed:               42
nshot:              1
requested_episodes: 1000
resolved_episodes:  1000
adapter:            conv1x1
fusion:             softmax_margin
adaptation_mode:    every-episode
image_size:         400x400
threshold_method:   pred_mean (max(Otsu, mean), drop_least=0.05)
backbone:           ResNet-50 (Pre-ReLU unclipped features)
checkpoint:         ResNet50_Weights.DEFAULT
manifest_path:      /root/ABCDFSS/experiments/episodes/isic_seed42_1000episodes.json
manifest_sha256:    bc13857c7579f7a081a3548d3c21fb643b8776aa5fd5a6623f19598f0ad68ba3
dataloader_workers: 2
git_commit:         61470cf205ed282b58701512852e2c4b05418a2e
git_status:         injected_via_env
PyTorch version:    2.1.2+cu121
TorchVision version:0.16.2+cu121
CUDA version:       12.1
GPU:                Tesla T4
Log file saved to:  /root/results/isic/E2_1000ep_seed42/isic_conv1x1_softmax_margin_1shot_E2_20261006_180258.log
================================================================================

[*] ISICDataset loaded 1000 fixed episodes from manifest: /root/ABCDFSS/experiments/episodes/isic_seed42_1000episodes.json

:=========== CD-FSS Clean Framework Evaluation: ISIC ===========
| Device:         cuda
| Adapter Type:   conv1x1
| Fusion Mode:    softmax_margin (temp=1.0)
| Adapt Mode:     every-episode
| Total Episodes: 1000
:========================================================================

[Batch: 0001/1000]  mIoU: 41.07%  |  FB-IoU: 51.44%
[Batch: 0050/1000]  mIoU: 41.07%  |  FB-IoU: 56.27%
[Batch: 0100/1000]  mIoU: 42.68%  |  FB-IoU: 58.27%
[Batch: 0150/1000]  mIoU: 43.87%  |  FB-IoU: 59.00%
[Batch: 0200/1000]  mIoU: 42.92%  |  FB-IoU: 58.69%
[Batch: 0250/1000]  mIoU: 42.75%  |  FB-IoU: 58.29%
[Batch: 0300/1000]  mIoU: 42.27%  |  FB-IoU: 58.09%
[Batch: 0350/1000]  mIoU: 42.32%  |  FB-IoU: 58.10%
[Batch: 0400/1000]  mIoU: 42.75%  |  FB-IoU: 58.58%
[Batch: 0450/1000]  mIoU: 41.62%  |  FB-IoU: 57.65%
[Batch: 0500/1000]  mIoU: 41.32%  |  FB-IoU: 57.42%
[Batch: 0550/1000]  mIoU: 41.65%  |  FB-IoU: 57.75%
[Batch: 0600/1000]  mIoU: 41.89%  |  FB-IoU: 57.82%
[Batch: 0650/1000]  mIoU: 41.92%  |  FB-IoU: 57.79%
[Batch: 0700/1000]  mIoU: 42.20%  |  FB-IoU: 57.89%
[Batch: 0750/1000]  mIoU: 42.21%  |  FB-IoU: 57.91%
[Batch: 0800/1000]  mIoU: 41.93%  |  FB-IoU: 57.77%
[Batch: 0850/1000]  mIoU: 42.05%  |  FB-IoU: 57.83%
[Batch: 0900/1000]  mIoU: 41.91%  |  FB-IoU: 57.68%
[Batch: 0950/1000]  mIoU: 41.89%  |  FB-IoU: 57.62%
[Batch: 1000/1000]  mIoU: 41.52%  |  FB-IoU: 57.38%

================ FINAL RESULTS ================
Benchmark:   ISIC
Adapter:     conv1x1
Fusion:      softmax_margin
Final mIoU (Cumulative): 41.52%
Mean Episode-IoU:       45.17%
Final FB-IoU:           57.38%
Elapsed Time:           3445.00s (3.445s/episode)
================================================

