================================================================================
                     CD-FSS EXPERIMENTAL AUDIT RUNNER
================================================================================
experiment_name:    E1
dataset:            suim
seed:               42
nshot:              1
num_episodes:       20
adapter:            depthwise_separable_3x3
fusion:             mean
adaptation_mode:    every-episode
image_size:         400x400
threshold_method:   pred_mean (max(Otsu, mean), drop_least=0.05)
backbone:           ResNet-50 (Pre-ReLU unclipped features)
checkpoint:         ResNet50_Weights.DEFAULT
manifest_path:      Runtime sampling
PyTorch version:    2.14.0+cpu
TorchVision version:0.29.0+cpu
CUDA version:       N/A
GPU:                CPU Only
Log file saved to:  D:\xulyanhv2\ABCDFSS\results\full_benchmark\SUIM\E1\suim_depthwise_separable_3x3_mean_1shot_E1_20261006_032824.log
================================================================================

[*] SUIM auto-detected base_path at: C:\Users\TUF DASH\.cache\kagglehub\datasets\heyoujue\suim-merged\versions\2\suim_merged

:=========== CD-FSS Clean Framework Evaluation: SUIM ===========
| Device:         cpu
| Adapter Type:   depthwise_separable_3x3
| Fusion Mode:    mean (temp=1.0)
| Adapt Mode:     every-episode
| Total Episodes: 20
:========================================================================

[Batch: 0001/0020]  mIoU:  2.55%  |  FB-IoU: 33.66%
[Batch: 0020/0020]  mIoU: 35.03%  |  FB-IoU: 53.06%

================ FINAL RESULTS ================
Benchmark:   SUIM
Adapter:     depthwise_separable_3x3
Fusion:      mean
Final mIoU (Cumulative): 35.03%
Mean Episode-IoU:       33.11%
Final FB-IoU:           53.06%
Elapsed Time:           843.49s (42.175s/episode)
================================================

