================================================================================
                     CD-FSS EXPERIMENTAL AUDIT RUNNER
================================================================================
experiment_name:    E2
dataset:            deepglobe
seed:               42
nshot:              1
num_episodes:       20
adapter:            conv1x1
fusion:             softmax_margin
adaptation_mode:    every-episode
image_size:         400x400
threshold_method:   pred_mean (max(Otsu, mean), drop_least=0.05)
backbone:           ResNet-50 (Pre-ReLU unclipped features)
checkpoint:         ResNet50_Weights.DEFAULT
manifest_path:      Runtime sampling
PyTorch version:    2.14.0+cpu
TorchVision version:0.29.0+cpu
CUDA version:       N/A
GPU:                CPU Only
Log file saved to:  D:\xulyanhv2\ABCDFSS\results\full_benchmark\DeepGlobe\E2\deepglobe_conv1x1_softmax_margin_1shot_E2_20261005_232841.log
================================================================================

[*] Deepglobe auto-detected base_path at: D:\xulyanhv2\ABCDFSS\datasets\deepglobe

:=========== CD-FSS Clean Framework Evaluation: DEEPGLOBE ===========
| Device:         cpu
| Adapter Type:   conv1x1
| Fusion Mode:    softmax_margin (temp=1.0)
| Adapt Mode:     every-episode
| Total Episodes: 20
:========================================================================

[Batch: 0001/0020]  mIoU: 48.73%  |  FB-IoU: 67.04%
[Batch: 0020/0020]  mIoU: 50.76%  |  FB-IoU: 51.99%

================ FINAL RESULTS ================
Benchmark:   DEEPGLOBE
Adapter:     conv1x1
Fusion:      softmax_margin
Final mIoU (Cumulative): 50.76%
Mean Episode-IoU:       51.44%
Final FB-IoU:           51.99%
Elapsed Time:           548.57s (27.429s/episode)
================================================

