================================================================================
                     CD-FSS EXPERIMENTAL AUDIT RUNNER
================================================================================
experiment_name:    E0
dataset:            lung
seed:               42
nshot:              1
num_episodes:       20
adapter:            conv1x1
fusion:             mean
adaptation_mode:    every-episode
image_size:         400x400
threshold_method:   pred_mean (max(Otsu, mean), drop_least=0.05)
backbone:           ResNet-50 (Pre-ReLU unclipped features)
checkpoint:         ResNet50_Weights.DEFAULT
manifest_path:      D:\xulyanhv2\ABCDFSS\experiments\episodes\lung_seed42_20episodes.json
PyTorch version:    2.14.0+cpu
TorchVision version:0.29.0+cpu
CUDA version:       N/A
GPU:                CPU Only
Log file saved to:  D:\xulyanhv2\ABCDFSS\results\full_benchmark\Lung\E0\lung_conv1x1_mean_1shot_E0_20261006_014611.log
================================================================================

[*] LungDataset loaded 20 fixed episodes from manifest: D:\xulyanhv2\ABCDFSS\experiments\episodes\lung_seed42_20episodes.json

:=========== CD-FSS Clean Framework Evaluation: LUNG ===========
| Device:         cpu
| Adapter Type:   conv1x1
| Fusion Mode:    mean (temp=1.0)
| Adapt Mode:     every-episode
| Total Episodes: 20
:========================================================================

[Batch: 0001/0020]  mIoU: 68.90%  |  FB-IoU: 79.01%
[Batch: 0020/0020]  mIoU: 78.69%  |  FB-IoU: 85.86%

================ FINAL RESULTS ================
Benchmark:   LUNG
Adapter:     conv1x1
Fusion:      mean
Final mIoU (Cumulative): 78.69%
Mean Episode-IoU:       78.34%
Final FB-IoU:           85.86%
Elapsed Time:           673.26s (33.663s/episode)
================================================

