================================================================================
                     CD-FSS EXPERIMENTAL AUDIT RUNNER
================================================================================
experiment_name:    E0
dataset:            deepglobe
seed:               42
nshot:              1
requested_episodes: 100
resolved_episodes:  100
adapter:            conv1x1
fusion:             mean
adaptation_mode:    every-episode
image_size:         400x400
threshold_method:   pred_mean (max(Otsu, mean), drop_least=0.05)
backbone:           ResNet-50 (Pre-ReLU unclipped features)
checkpoint:         ResNet50_Weights.DEFAULT
manifest_path:      /root/ABCDFSS/experiments/episodes/deepglobe_seed42_100episodes.json
manifest_sha256:    f29661f0686c702d70511c8de8fa6dd1c4ab54d22e39d60f64edcc76ae5ed149
dataloader_workers: 2
git_commit:         0ad471e32d6701f781be4bd2952593332b8074eb
git_status:         injected_via_env
PyTorch version:    2.1.2+cu121
TorchVision version:0.16.2+cu121
CUDA version:       12.1
GPU:                Tesla T4
Log file saved to:  /root/results/deepglobe/E0_100ep_seed42/deepglobe_conv1x1_mean_1shot_E0_20261006_063952.log
================================================================================

[*] Deepglobe auto-detected base_path at: /root/datasets_cache/kagglehub/datasets/heyoujue/deepglobe/versions/7
[*] DeepglobeDataset loaded 100 fixed episodes from manifest: /root/ABCDFSS/experiments/episodes/deepglobe_seed42_100episodes.json

:=========== CD-FSS Clean Framework Evaluation: DEEPGLOBE ===========
| Device:         cuda
| Adapter Type:   conv1x1
| Fusion Mode:    mean (temp=1.0)
| Adapt Mode:     every-episode
| Total Episodes: 100
:========================================================================

[Batch: 0001/0100]  mIoU: 50.83%  |  FB-IoU: 68.64%
[Batch: 0050/0100]  mIoU: 45.34%  |  FB-IoU: 47.56%
[Batch: 0100/0100]  mIoU: 44.74%  |  FB-IoU: 47.13%

================ FINAL RESULTS ================
Benchmark:   DEEPGLOBE
Adapter:     conv1x1
Fusion:      mean
Final mIoU (Cumulative): 44.74%
Mean Episode-IoU:       44.06%
Final FB-IoU:           47.13%
Elapsed Time:           412.13s (4.121s/episode)
================================================

