================================================================================
                     CD-FSS EXPERIMENTAL AUDIT RUNNER
================================================================================
experiment_name:    E2
dataset:            lung
seed:               42
nshot:              1
requested_episodes: 100
resolved_episodes:  100
adapter:            conv1x1
fusion:             softmax_margin
adaptation_mode:    every-episode
image_size:         400x400
threshold_method:   pred_mean (max(Otsu, mean), drop_least=0.05)
backbone:           ResNet-50 (Pre-ReLU unclipped features)
checkpoint:         ResNet50_Weights.DEFAULT
manifest_path:      /root/ABCDFSS/experiments/episodes/lung_seed42_100episodes.json
manifest_sha256:    fc2fcc1ceff77c1b70cf11776326c7304df451523565907a1d6354151191141f
dataloader_workers: 2
git_commit:         0ad471e32d6701f781be4bd2952593332b8074eb
git_status:         injected_via_env
PyTorch version:    2.1.2+cu121
TorchVision version:0.16.2+cu121
CUDA version:       12.1
GPU:                Tesla T4
Log file saved to:  /root/results/lung/E2_100ep_seed42/lung_conv1x1_softmax_margin_1shot_E2_20261006_074915.log
================================================================================

[*] LungDataset loaded 100 fixed episodes from manifest: /root/ABCDFSS/experiments/episodes/lung_seed42_100episodes.json

:=========== CD-FSS Clean Framework Evaluation: LUNG ===========
| Device:         cuda
| Adapter Type:   conv1x1
| Fusion Mode:    softmax_margin (temp=1.0)
| Adapt Mode:     every-episode
| Total Episodes: 100
:========================================================================

[Batch: 0001/0100]  mIoU: 73.56%  |  FB-IoU: 82.06%
[Batch: 0050/0100]  mIoU: 81.13%  |  FB-IoU: 87.37%
[Batch: 0100/0100]  mIoU: 81.16%  |  FB-IoU: 87.30%

================ FINAL RESULTS ================
Benchmark:   LUNG
Adapter:     conv1x1
Fusion:      softmax_margin
Final mIoU (Cumulative): 81.16%
Mean Episode-IoU:       81.12%
Final FB-IoU:           87.30%
Elapsed Time:           344.77s (3.448s/episode)
================================================

