================================================================================
                     CD-FSS EXPERIMENTAL AUDIT RUNNER
================================================================================
experiment_name:    E2
dataset:            lung
seed:               42
nshot:              1
num_episodes:       20
adapter:            conv1x1
fusion:             softmax_margin
adaptation_mode:    every-episode
image_size:         400x400
threshold_method:   pred_mean (max(Otsu, mean), drop_least=0.05)
backbone:           ResNet-50 (Pre-ReLU unclipped features)
checkpoint:         ResNet50_Weights.DEFAULT
manifest_path:      D:\xulyanhv2\ABCDFSS\experiments\episodes\lung_seed42_20episodes.json
PyTorch version:    2.14.0+cpu
TorchVision version:0.29.0+cpu
CUDA version:       N/A
GPU:                CPU Only
Log file saved to:  D:\xulyanhv2\ABCDFSS\results\full_benchmark\Lung\E2\lung_conv1x1_softmax_margin_1shot_E2_20261006_021137.log
================================================================================

[*] LungDataset loaded 20 fixed episodes from manifest: D:\xulyanhv2\ABCDFSS\experiments\episodes\lung_seed42_20episodes.json

:=========== CD-FSS Clean Framework Evaluation: LUNG ===========
| Device:         cpu
| Adapter Type:   conv1x1
| Fusion Mode:    softmax_margin (temp=1.0)
| Adapt Mode:     every-episode
| Total Episodes: 20
:========================================================================

[Batch: 0001/0020]  mIoU: 68.45%  |  FB-IoU: 78.71%
[Batch: 0020/0020]  mIoU: 79.32%  |  FB-IoU: 86.32%

================ FINAL RESULTS ================
Benchmark:   LUNG
Adapter:     conv1x1
Fusion:      softmax_margin
Final mIoU (Cumulative): 79.32%
Mean Episode-IoU:       78.95%
Final FB-IoU:           86.32%
Elapsed Time:           501.77s (25.088s/episode)
================================================

