================================================================================
                     CD-FSS EXPERIMENTAL AUDIT RUNNER
================================================================================
experiment_name:    E2
dataset:            isic
seed:               42
nshot:              1
num_episodes:       20
adapter:            conv1x1
fusion:             softmax_margin
adaptation_mode:    every-episode
image_size:         400x400
threshold_method:   pred_mean (max(Otsu, mean), drop_least=0.05)
backbone:           ResNet-50 (Pre-ReLU unclipped features)
checkpoint:         ResNet50_Weights.DEFAULT
manifest_path:      Runtime sampling
PyTorch version:    2.14.0+cpu
TorchVision version:0.29.0+cpu
CUDA version:       N/A
GPU:                CPU Only
Log file saved to:  D:\xulyanhv2\ABCDFSS\results\full_benchmark\ISIC\E2\isic_conv1x1_softmax_margin_1shot_E2_20261006_001903.log
================================================================================


:=========== CD-FSS Clean Framework Evaluation: ISIC ===========
| Device:         cpu
| Adapter Type:   conv1x1
| Fusion Mode:    softmax_margin (temp=1.0)
| Adapt Mode:     every-episode
| Total Episodes: 20
:========================================================================

[Batch: 0001/0020]  mIoU: 41.77%  |  FB-IoU: 52.24%
[Batch: 0020/0020]  mIoU: 40.96%  |  FB-IoU: 55.77%

================ FINAL RESULTS ================
Benchmark:   ISIC
Adapter:     conv1x1
Fusion:      softmax_margin
Final mIoU (Cumulative): 40.96%
Mean Episode-IoU:       48.24%
Final FB-IoU:           55.77%
Elapsed Time:           553.07s (27.654s/episode)
================================================

