================================================================================
                     CD-FSS EXPERIMENTAL AUDIT RUNNER
================================================================================
experiment_name:    E3
dataset:            lung
seed:               42
nshot:              1
num_episodes:       20
adapter:            depthwise_separable_3x3
fusion:             softmax_margin
adaptation_mode:    every-episode
image_size:         400x400
threshold_method:   pred_mean (max(Otsu, mean), drop_least=0.05)
backbone:           ResNet-50 (Pre-ReLU unclipped features)
checkpoint:         ResNet50_Weights.DEFAULT
manifest_path:      D:\xulyanhv2\ABCDFSS\experiments\episodes\lung_seed42_20episodes.json
PyTorch version:    2.14.0+cpu
TorchVision version:0.29.0+cpu
CUDA version:       N/A
GPU:                CPU Only
Log file saved to:  D:\xulyanhv2\ABCDFSS\results\full_benchmark\Lung\E3\lung_depthwise_separable_3x3_softmax_margin_1shot_E3_20261006_022004.log
================================================================================

[*] LungDataset loaded 20 fixed episodes from manifest: D:\xulyanhv2\ABCDFSS\experiments\episodes\lung_seed42_20episodes.json

:=========== CD-FSS Clean Framework Evaluation: LUNG ===========
| Device:         cpu
| Adapter Type:   depthwise_separable_3x3
| Fusion Mode:    softmax_margin (temp=1.0)
| Adapt Mode:     every-episode
| Total Episodes: 20
:========================================================================

[Batch: 0001/0020]  mIoU: 77.95%  |  FB-IoU: 84.95%
[Batch: 0020/0020]  mIoU: 80.09%  |  FB-IoU: 86.68%

================ FINAL RESULTS ================
Benchmark:   LUNG
Adapter:     depthwise_separable_3x3
Fusion:      softmax_margin
Final mIoU (Cumulative): 80.09%
Mean Episode-IoU:       79.41%
Final FB-IoU:           86.68%
Elapsed Time:           841.41s (42.071s/episode)
================================================

