================================================================================
                     CD-FSS EXPERIMENTAL AUDIT RUNNER
================================================================================
experiment_name:    E2
dataset:            fss
seed:               42
nshot:              1
requested_episodes: 1000
resolved_episodes:  1000
adapter:            conv1x1
fusion:             softmax_margin
adaptation_mode:    every-episode
image_size:         400x400
threshold_method:   pred_mean (max(Otsu, mean), drop_least=0.05)
backbone:           ResNet-50 (Pre-ReLU unclipped features)
checkpoint:         ResNet50_Weights.DEFAULT
manifest_path:      /root/ABCDFSS/experiments/episodes/fss_seed42_1000episodes.json
manifest_sha256:    709436c27fe1fc6d271341c3c2b2895034efe8fd96215ccf24b295969421b78b
dataloader_workers: 2
git_commit:         61470cf205ed282b58701512852e2c4b05418a2e
git_status:         injected_via_env
PyTorch version:    2.1.2+cu121
TorchVision version:0.16.2+cu121
CUDA version:       12.1
GPU:                Tesla T4
Log file saved to:  /root/results/fss/E2_1000ep_seed42/fss_conv1x1_softmax_margin_1shot_E2_20261007_040426.log
================================================================================

[*] FSS1000Dataset loaded 1000 fixed episodes from manifest: /root/ABCDFSS/experiments/episodes/fss_seed42_1000episodes.json

:=========== CD-FSS Clean Framework Evaluation: FSS ===========
| Device:         cuda
| Adapter Type:   conv1x1
| Fusion Mode:    softmax_margin (temp=1.0)
| Adapt Mode:     every-episode
| Total Episodes: 1000
:========================================================================

[Batch: 0001/1000]  mIoU: 81.11%  |  FB-IoU: 87.17%
[Batch: 0050/1000]  mIoU: 69.28%  |  FB-IoU: 79.01%
[Batch: 0100/1000]  mIoU: 69.89%  |  FB-IoU: 79.37%
[Batch: 0150/1000]  mIoU: 69.38%  |  FB-IoU: 79.38%
[Batch: 0200/1000]  mIoU: 70.26%  |  FB-IoU: 79.76%
[Batch: 0250/1000]  mIoU: 71.46%  |  FB-IoU: 80.25%
[Batch: 0300/1000]  mIoU: 71.31%  |  FB-IoU: 80.54%
[Batch: 0350/1000]  mIoU: 71.29%  |  FB-IoU: 80.55%
[Batch: 0400/1000]  mIoU: 70.46%  |  FB-IoU: 79.44%
[Batch: 0450/1000]  mIoU: 70.01%  |  FB-IoU: 79.05%
[Batch: 0500/1000]  mIoU: 69.93%  |  FB-IoU: 79.03%
[Batch: 0550/1000]  mIoU: 69.97%  |  FB-IoU: 79.21%
[Batch: 0600/1000]  mIoU: 70.02%  |  FB-IoU: 79.33%
[Batch: 0650/1000]  mIoU: 70.20%  |  FB-IoU: 79.28%
[Batch: 0700/1000]  mIoU: 70.27%  |  FB-IoU: 79.32%
[Batch: 0750/1000]  mIoU: 70.29%  |  FB-IoU: 79.39%
[Batch: 0800/1000]  mIoU: 70.46%  |  FB-IoU: 79.60%
[Batch: 0850/1000]  mIoU: 70.36%  |  FB-IoU: 79.56%
[Batch: 0900/1000]  mIoU: 70.51%  |  FB-IoU: 79.57%
[Batch: 0950/1000]  mIoU: 70.22%  |  FB-IoU: 79.52%
[Batch: 1000/1000]  mIoU: 70.01%  |  FB-IoU: 79.37%

================ FINAL RESULTS ================
Benchmark:   FSS
Adapter:     conv1x1
Fusion:      softmax_margin
Final mIoU (Cumulative): 70.01%
Mean Episode-IoU:       70.50%
Final FB-IoU:           79.37%
Elapsed Time:           3376.69s (3.377s/episode)
================================================

