================================================================================
                     CD-FSS EXPERIMENTAL AUDIT RUNNER
================================================================================
experiment_name:    E3
dataset:            fss
seed:               42
nshot:              1
requested_episodes: 1000
resolved_episodes:  1000
adapter:            depthwise_separable_3x3
fusion:             softmax_margin
adaptation_mode:    every-episode
image_size:         400x400
threshold_method:   pred_mean (max(Otsu, mean), drop_least=0.05)
backbone:           ResNet-50 (Pre-ReLU unclipped features)
checkpoint:         ResNet50_Weights.DEFAULT
manifest_path:      /root/ABCDFSS/experiments/episodes/fss_seed42_1000episodes.json
manifest_sha256:    709436c27fe1fc6d271341c3c2b2895034efe8fd96215ccf24b295969421b78b
dataloader_workers: 2
git_commit:         61470cf205ed282b58701512852e2c4b05418a2e
git_status:         injected_via_env
PyTorch version:    2.1.2+cu121
TorchVision version:0.16.2+cu121
CUDA version:       12.1
GPU:                Tesla T4
Log file saved to:  /root/results/fss/E3_1000ep_seed42/fss_depthwise_separable_3x3_softmax_margin_1shot_E3_20261007_060645.log
================================================================================

[*] FSS1000Dataset loaded 1000 fixed episodes from manifest: /root/ABCDFSS/experiments/episodes/fss_seed42_1000episodes.json

:=========== CD-FSS Clean Framework Evaluation: FSS ===========
| Device:         cuda
| Adapter Type:   depthwise_separable_3x3
| Fusion Mode:    softmax_margin (temp=1.0)
| Adapt Mode:     every-episode
| Total Episodes: 1000
:========================================================================

[Batch: 0001/1000]  mIoU: 82.57%  |  FB-IoU: 88.22%
[Batch: 0050/1000]  mIoU: 66.42%  |  FB-IoU: 77.19%
[Batch: 0100/1000]  mIoU: 66.49%  |  FB-IoU: 77.04%
[Batch: 0150/1000]  mIoU: 65.68%  |  FB-IoU: 76.54%
[Batch: 0200/1000]  mIoU: 67.00%  |  FB-IoU: 77.26%
[Batch: 0250/1000]  mIoU: 68.70%  |  FB-IoU: 78.02%
[Batch: 0300/1000]  mIoU: 68.63%  |  FB-IoU: 78.18%
[Batch: 0350/1000]  mIoU: 68.48%  |  FB-IoU: 77.98%
[Batch: 0400/1000]  mIoU: 67.97%  |  FB-IoU: 77.17%
[Batch: 0450/1000]  mIoU: 67.45%  |  FB-IoU: 76.99%
[Batch: 0500/1000]  mIoU: 67.20%  |  FB-IoU: 77.01%
[Batch: 0550/1000]  mIoU: 67.23%  |  FB-IoU: 77.20%
[Batch: 0600/1000]  mIoU: 67.45%  |  FB-IoU: 77.25%
[Batch: 0650/1000]  mIoU: 67.51%  |  FB-IoU: 77.15%
[Batch: 0700/1000]  mIoU: 67.44%  |  FB-IoU: 77.25%
[Batch: 0750/1000]  mIoU: 67.53%  |  FB-IoU: 77.34%
[Batch: 0800/1000]  mIoU: 67.66%  |  FB-IoU: 77.52%
[Batch: 0850/1000]  mIoU: 67.60%  |  FB-IoU: 77.45%
[Batch: 0900/1000]  mIoU: 67.74%  |  FB-IoU: 77.50%
[Batch: 0950/1000]  mIoU: 67.51%  |  FB-IoU: 77.47%
[Batch: 1000/1000]  mIoU: 67.22%  |  FB-IoU: 77.24%

================ FINAL RESULTS ================
Benchmark:   FSS
Adapter:     depthwise_separable_3x3
Fusion:      softmax_margin
Final mIoU (Cumulative): 67.22%
Mean Episode-IoU:       67.65%
Final FB-IoU:           77.24%
Elapsed Time:           5134.38s (5.134s/episode)
================================================

