================================================================================
                     CD-FSS EXPERIMENTAL AUDIT RUNNER
================================================================================
experiment_name:    E3
dataset:            suim
seed:               42
nshot:              1
num_episodes:       20
adapter:            depthwise_separable_3x3
fusion:             softmax_margin
adaptation_mode:    every-episode
image_size:         400x400
threshold_method:   pred_mean (max(Otsu, mean), drop_least=0.05)
backbone:           ResNet-50 (Pre-ReLU unclipped features)
checkpoint:         ResNet50_Weights.DEFAULT
manifest_path:      Runtime sampling
PyTorch version:    2.14.0+cpu
TorchVision version:0.29.0+cpu
CUDA version:       N/A
GPU:                CPU Only
Log file saved to:  D:\xulyanhv2\ABCDFSS\results\full_benchmark\SUIM\E3\suim_depthwise_separable_3x3_softmax_margin_1shot_E3_20261006_035123.log
================================================================================

[*] SUIM auto-detected base_path at: C:\Users\TUF DASH\.cache\kagglehub\datasets\heyoujue\suim-merged\versions\2\suim_merged

:=========== CD-FSS Clean Framework Evaluation: SUIM ===========
| Device:         cpu
| Adapter Type:   depthwise_separable_3x3
| Fusion Mode:    softmax_margin (temp=1.0)
| Adapt Mode:     every-episode
| Total Episodes: 20
:========================================================================

[Batch: 0001/0020]  mIoU:  3.06%  |  FB-IoU: 36.93%
[Batch: 0020/0020]  mIoU: 34.75%  |  FB-IoU: 53.55%

================ FINAL RESULTS ================
Benchmark:   SUIM
Adapter:     depthwise_separable_3x3
Fusion:      softmax_margin
Final mIoU (Cumulative): 34.75%
Mean Episode-IoU:       32.97%
Final FB-IoU:           53.55%
Elapsed Time:           846.35s (42.318s/episode)
================================================

